<html>
<body>
<pre>
<h1>µVision Build Log</h1>
<h2>Tool Versions:</h2>
IDE-Version: ¦ÌVision V5.36.0.0
Copyright (C) 2021 ARM Ltd and ARM Germany GmbH. All rights reserved.
License Information: 121 1212, 212, LIC=RC93N-Y7TYW-TGM7T-R1GLX-QT65F-WN3IY
 
Tool Versions:
Toolchain:       MDK-ARM Plus  Version: 5.36.0.0
Toolchain Path:  D:\ProgramFiles\KEIL5\ARM\ARMCC\Bin
C Compiler:      Armcc.exe V5.06 update 7 (build 960)
Assembler:       Armasm.exe V5.06 update 7 (build 960)
Linker/Locator:  ArmLink.exe V5.06 update 7 (build 960)
Library Manager: ArmAr.exe V5.06 update 7 (build 960)
Hex Converter:   FromElf.exe V5.06 update 7 (build 960)
CPU DLL:         SARMCM3.DLL V5.36.0.0
Dialog DLL:      DCM.DLL V1.17.3.0
Target DLL:      CMSIS_AGDI.dll V1.33.0.0
Dialog DLL:      TCM.DLL V1.53.0.0
 
<h2>Project:</h2>
C:\Users\Administrator\Desktop\F429_GUI\GUI\MDK-ARM\GUI.uvprojx
Project File Date:  06/08/2022

<h2>Output:</h2>
*** Using Compiler 'V5.06 update 7 (build 960)', folder: 'D:\ProgramFiles\KEIL5\ARM\ARMCC\Bin'
*** Note: Rebuilding project, since 'Options->Output->Create Batch File' is selected.
Rebuild target 'GUI'
assembling startup_stm32f429xx.s...
compiling test.c...
..\Core\Src\test.c(49): warning:  #940-D: missing return statement at end of non-void function "SDRAM_test" 
  }
..\Core\Src\test.c(20): warning:  #177-D: variable "uhWritedata_16b"  was declared but never referenced
    uint16_t uhWritedata_16b = 0, uhReaddata_16b = 0; 
..\Core\Src\test.c(20): warning:  #177-D: variable "uhReaddata_16b"  was declared but never referenced
    uint16_t uhWritedata_16b = 0, uhReaddata_16b = 0; 
..\Core\Src\test.c: 3 warnings, 0 errors
compiling main.c...
../Core/Src/main.c(73): warning:  #177-D: variable "k"  was declared but never referenced
    int k=1;
../Core/Src/main.c(74): warning:  #177-D: variable "p"  was declared but never referenced
        static int p;
../Core/Src/main.c: 2 warnings, 0 errors
compiling gpio.c...
compiling crc.c...
compiling dma2d.c...
compiling fmc.c...
compiling ltdc.c...
compiling stm32f4xx_it.c...
compiling stm32f4xx_hal_msp.c...
compiling stm32f4xx_hal_crc.c...
compiling stm32f4xx_hal_rcc.c...
compiling stm32f4xx_hal_rcc_ex.c...
compiling stm32f4xx_hal_flash.c...
compiling stm32f4xx_hal_flash_ex.c...
compiling stm32f4xx_hal_flash_ramfunc.c...
compiling stm32f4xx_hal_gpio.c...
compiling stm32f4xx_hal_dma_ex.c...
compiling stm32f4xx_hal_dma.c...
compiling stm32f4xx_hal_pwr.c...
compiling stm32f4xx_hal_pwr_ex.c...
compiling stm32f4xx_hal_cortex.c...
compiling stm32f4xx_hal.c...
compiling stm32f4xx_hal_exti.c...
compiling stm32f4xx_hal_dma2d.c...
compiling stm32f4xx_ll_fmc.c...
compiling stm32f4xx_hal_sdram.c...
compiling stm32f4xx_hal_ltdc.c...
compiling stm32f4xx_hal_ltdc_ex.c...
compiling stm32f4xx_hal_dsi.c...
compiling stm32f4xx_hal_tim.c...
compiling stm32f4xx_hal_tim_ex.c...
compiling system_stm32f4xx.c...
compiling GUIConf.c...
compiling GUIDRV_Template.c...
..\MYSTemWin\Config\GUIDRV_Template.c(819): warning:  #144-D: a value of type "unsigned int (*)(GUI_DEVICE *, int, int)" cannot be used to initialize an entity of type "unsigned long (*)(GUI_DEVICE *, int, int)"
    _GetPixelIndex,
..\MYSTemWin\Config\GUIDRV_Template.c(820): warning:  #144-D: a value of type "void (*)(GUI_DEVICE *, int, int, int)" cannot be used to initialize an entity of type "void (*)(GUI_DEVICE *, int, int, unsigned long)"
    _SetPixelIndex,
..\MYSTemWin\Config\GUIDRV_Template.c: 2 warnings, 0 errors
compiling LCDConf_Lin_Template.c...
..\MYSTemWin\Config\LCDConf_Lin_Template.c(218): warning:  #550-D: variable "p"  was set but never used
      LCD_X_SETVRAMADDR_INFO * p;
..\MYSTemWin\Config\LCDConf_Lin_Template.c(227): warning:  #550-D: variable "p"  was set but never used
      LCD_X_SETORG_INFO * p;
..\MYSTemWin\Config\LCDConf_Lin_Template.c(236): warning:  #550-D: variable "p"  was set but never used
      LCD_X_SHOWBUFFER_INFO * p;
..\MYSTemWin\Config\LCDConf_Lin_Template.c(245): warning:  #550-D: variable "p"  was set but never used
      LCD_X_SETLUTENTRY_INFO * p;
..\MYSTemWin\Config\LCDConf_Lin_Template.c: 4 warnings, 0 errors
compiling GUI_X.c...
linking...
Program Size: Code=7182 RO-data=494 RW-data=32 ZI-data=3830044  
FromELF: creating hex file...
"GUI\GUI.axf" - 0 Error(s), 11 Warning(s).

<h2>Software Packages used:</h2>

Package Vendor: ARM
                http://www.keil.com/pack/ARM.CMSIS.5.8.0.pack
                ARM.CMSIS.5.8.0
                CMSIS (Common Microcontroller Software Interface Standard)
   * Component: CORE Version: 5.5.0

Package Vendor: Keil
                http://www.keil.com/pack/Keil.STM32F4xx_DFP.2.16.0.pack
                Keil.STM32F4xx_DFP.2.16.0
                STMicroelectronics STM32F4 Series Device Support, Drivers and Examples

<h2>Collection of Component include folders:</h2>
  .\RTE\_GUI
  C:\Users\Administrator\AppData\Local\Arm\Packs\ARM\CMSIS\5.8.0\CMSIS\Core\Include
  C:\Users\Administrator\AppData\Local\Arm\Packs\Keil\STM32F4xx_DFP\2.16.0\Drivers\CMSIS\Device\ST\STM32F4xx\Include

<h2>Collection of Component Files used:</h2>

   * Component: ARM::CMSIS:CORE:5.5.0
      Include file:  CMSIS\Core\Include\tz_context.h
Build Time Elapsed:  00:01:18
</pre>
</body>
</html>
