Component: ARM Compiler 5.06 update 7 (build 960) Tool: armlink [4d3601]

==============================================================================

Section Cross References

    startup_stm32f429xx.o(RESET) refers to startup_stm32f429xx.o(STACK) for __initial_sp
    startup_stm32f429xx.o(RESET) refers to startup_stm32f429xx.o(.text) for Reset_Handler
    startup_stm32f429xx.o(RESET) refers to stm32f4xx_it.o(i.NMI_Handler) for NMI_Handler
    startup_stm32f429xx.o(RESET) refers to stm32f4xx_it.o(i.HardFault_Handler) for HardFault_Handler
    startup_stm32f429xx.o(RESET) refers to stm32f4xx_it.o(i.MemManage_Handler) for MemManage_Handler
    startup_stm32f429xx.o(RESET) refers to stm32f4xx_it.o(i.BusFault_Handler) for BusFault_Handler
    startup_stm32f429xx.o(RESET) refers to stm32f4xx_it.o(i.UsageFault_Handler) for UsageFault_Handler
    startup_stm32f429xx.o(RESET) refers to stm32f4xx_it.o(i.SVC_Handler) for SVC_Handler
    startup_stm32f429xx.o(RESET) refers to stm32f4xx_it.o(i.DebugMon_Handler) for DebugMon_Handler
    startup_stm32f429xx.o(RESET) refers to stm32f4xx_it.o(i.PendSV_Handler) for PendSV_Handler
    startup_stm32f429xx.o(RESET) refers to stm32f4xx_it.o(i.SysTick_Handler) for SysTick_Handler
    startup_stm32f429xx.o(RESET) refers to stm32f4xx_it.o(i.RCC_IRQHandler) for RCC_IRQHandler
    startup_stm32f429xx.o(RESET) refers to stm32f4xx_it.o(i.LTDC_IRQHandler) for LTDC_IRQHandler
    startup_stm32f429xx.o(RESET) refers to stm32f4xx_it.o(i.DMA2D_IRQHandler) for DMA2D_IRQHandler
    startup_stm32f429xx.o(.text) refers to system_stm32f4xx.o(i.SystemInit) for SystemInit
    startup_stm32f429xx.o(.text) refers to entry.o(.ARM.Collect$$$$00000000) for __main
    main.o(i.SystemClock_Config) refers to memseta.o(.text) for __aeabi_memclr4
    main.o(i.SystemClock_Config) refers to stm32f4xx_hal_rcc.o(i.HAL_RCC_OscConfig) for HAL_RCC_OscConfig
    main.o(i.SystemClock_Config) refers to stm32f4xx_hal_pwr_ex.o(i.HAL_PWREx_EnableOverDrive) for HAL_PWREx_EnableOverDrive
    main.o(i.SystemClock_Config) refers to stm32f4xx_hal_rcc.o(i.HAL_RCC_ClockConfig) for HAL_RCC_ClockConfig
    main.o(i.main) refers to stm32f4xx_hal.o(i.HAL_Init) for HAL_Init
    main.o(i.main) refers to main.o(i.SystemClock_Config) for SystemClock_Config
    main.o(i.main) refers to crc.o(i.MX_CRC_Init) for MX_CRC_Init
    main.o(i.main) refers to gpio.o(i.MX_GPIO_Init) for MX_GPIO_Init
    main.o(i.main) refers to fmc.o(i.MX_FMC_Init) for MX_FMC_Init
    main.o(i.main) refers to dma2d.o(i.MX_DMA2D_Init) for MX_DMA2D_Init
    main.o(i.main) refers to ltdc.o(i.MX_LTDC_Init) for MX_LTDC_Init
    gpio.o(i.MX_GPIO_Init) refers to memseta.o(.text) for __aeabi_memclr4
    gpio.o(i.MX_GPIO_Init) refers to stm32f4xx_hal_gpio.o(i.HAL_GPIO_WritePin) for HAL_GPIO_WritePin
    gpio.o(i.MX_GPIO_Init) refers to stm32f4xx_hal_gpio.o(i.HAL_GPIO_Init) for HAL_GPIO_Init
    crc.o(i.MX_CRC_Init) refers to stm32f4xx_hal_crc.o(i.HAL_CRC_Init) for HAL_CRC_Init
    crc.o(i.MX_CRC_Init) refers to main.o(i.Error_Handler) for Error_Handler
    crc.o(i.MX_CRC_Init) refers to crc.o(.data) for .data
    dma2d.o(i.HAL_DMA2D_MspDeInit) refers to stm32f4xx_hal_cortex.o(i.HAL_NVIC_DisableIRQ) for HAL_NVIC_DisableIRQ
    dma2d.o(i.HAL_DMA2D_MspInit) refers to stm32f4xx_hal_cortex.o(i.HAL_NVIC_SetPriority) for HAL_NVIC_SetPriority
    dma2d.o(i.HAL_DMA2D_MspInit) refers to stm32f4xx_hal_cortex.o(i.HAL_NVIC_EnableIRQ) for HAL_NVIC_EnableIRQ
    dma2d.o(i.MX_DMA2D_Init) refers to stm32f4xx_hal_dma2d.o(i.HAL_DMA2D_Init) for HAL_DMA2D_Init
    dma2d.o(i.MX_DMA2D_Init) refers to main.o(i.Error_Handler) for Error_Handler
    dma2d.o(i.MX_DMA2D_Init) refers to dma2d.o(.bss) for .bss
    fmc.o(i.HAL_FMC_MspInit) refers to memseta.o(.text) for __aeabi_memclr4
    fmc.o(i.HAL_FMC_MspInit) refers to stm32f4xx_hal_gpio.o(i.HAL_GPIO_Init) for HAL_GPIO_Init
    fmc.o(i.HAL_FMC_MspInit) refers to fmc.o(.data) for .data
    fmc.o(i.HAL_SDRAM_MspDeInit) refers to stm32f4xx_hal_gpio.o(i.HAL_GPIO_DeInit) for HAL_GPIO_DeInit
    fmc.o(i.HAL_SDRAM_MspDeInit) refers to fmc.o(.data) for .data
    fmc.o(i.HAL_SDRAM_MspInit) refers to fmc.o(i.HAL_FMC_MspInit) for HAL_FMC_MspInit
    fmc.o(i.MX_FMC_Init) refers to memseta.o(.text) for __aeabi_memclr4
    fmc.o(i.MX_FMC_Init) refers to stm32f4xx_hal_sdram.o(i.HAL_SDRAM_Init) for HAL_SDRAM_Init
    fmc.o(i.MX_FMC_Init) refers to main.o(i.Error_Handler) for Error_Handler
    fmc.o(i.MX_FMC_Init) refers to fmc.o(i.SDRAM_InitSequence) for SDRAM_InitSequence
    fmc.o(i.MX_FMC_Init) refers to fmc.o(i.SDRAM_Reset) for SDRAM_Reset
    fmc.o(i.MX_FMC_Init) refers to fmc.o(.bss) for .bss
    fmc.o(i.SDRAM_InitSequence) refers to stm32f4xx_hal_sdram.o(i.HAL_SDRAM_SendCommand) for HAL_SDRAM_SendCommand
    fmc.o(i.SDRAM_InitSequence) refers to stm32f4xx_hal.o(i.HAL_Delay) for HAL_Delay
    fmc.o(i.SDRAM_InitSequence) refers to stm32f4xx_hal_sdram.o(i.HAL_SDRAM_ProgramRefreshRate) for HAL_SDRAM_ProgramRefreshRate
[...]
    stm32f4xx_hal_dma2d.o(i.HAL_DMA2D_CLUTLoading_Abort) refers to stm32f4xx_hal.o(i.HAL_GetTick) for HAL_GetTick
    stm32f4xx_hal_dma2d.o(i.HAL_DMA2D_CLUTLoading_Suspend) refers to stm32f4xx_hal.o(i.HAL_GetTick) for HAL_GetTick
    stm32f4xx_hal_dma2d.o(i.HAL_DMA2D_DeInit) refers to stm32f4xx_hal_dma2d.o(i.HAL_DMA2D_Abort) for HAL_DMA2D_Abort
    stm32f4xx_hal_dma2d.o(i.HAL_DMA2D_DeInit) refers to stm32f4xx_hal_dma2d.o(i.HAL_DMA2D_CLUTLoading_Abort) for HAL_DMA2D_CLUTLoading_Abort
    stm32f4xx_hal_dma2d.o(i.HAL_DMA2D_DeInit) refers to dma2d.o(i.HAL_DMA2D_MspDeInit) for HAL_DMA2D_MspDeInit
    stm32f4xx_hal_dma2d.o(i.HAL_DMA2D_IRQHandler) refers to stm32f4xx_hal_dma2d.o(i.HAL_DMA2D_LineEventCallback) for HAL_DMA2D_LineEventCallback
    stm32f4xx_hal_dma2d.o(i.HAL_DMA2D_IRQHandler) refers to stm32f4xx_hal_dma2d.o(i.HAL_DMA2D_CLUTLoadingCpltCallback) for HAL_DMA2D_CLUTLoadingCpltCallback
    stm32f4xx_hal_dma2d.o(i.HAL_DMA2D_Init) refers to dma2d.o(i.HAL_DMA2D_MspInit) for HAL_DMA2D_MspInit
    stm32f4xx_hal_dma2d.o(i.HAL_DMA2D_PollForTransfer) refers to stm32f4xx_hal.o(i.HAL_GetTick) for HAL_GetTick
    stm32f4xx_hal_dma2d.o(i.HAL_DMA2D_Start) refers to stm32f4xx_hal_dma2d.o(i.DMA2D_SetConfig) for DMA2D_SetConfig
    stm32f4xx_hal_dma2d.o(i.HAL_DMA2D_Start_IT) refers to stm32f4xx_hal_dma2d.o(i.DMA2D_SetConfig) for DMA2D_SetConfig
    stm32f4xx_hal_dma2d.o(i.HAL_DMA2D_Suspend) refers to stm32f4xx_hal.o(i.HAL_GetTick) for HAL_GetTick
    stm32f4xx_ll_fmc.o(i.FMC_NAND_GetECC) refers to stm32f4xx_hal.o(i.HAL_GetTick) for HAL_GetTick
    stm32f4xx_ll_fmc.o(i.FMC_SDRAM_SendCommand) refers to stm32f4xx_hal.o(i.HAL_GetTick) for HAL_GetTick
    stm32f4xx_hal_sdram.o(i.HAL_SDRAM_DeInit) refers to fmc.o(i.HAL_SDRAM_MspDeInit) for HAL_SDRAM_MspDeInit
    stm32f4xx_hal_sdram.o(i.HAL_SDRAM_DeInit) refers to stm32f4xx_ll_fmc.o(i.FMC_SDRAM_DeInit) for FMC_SDRAM_DeInit
    stm32f4xx_hal_sdram.o(i.HAL_SDRAM_GetModeStatus) refers to stm32f4xx_ll_fmc.o(i.FMC_SDRAM_GetModeStatus) for FMC_SDRAM_GetModeStatus
    stm32f4xx_hal_sdram.o(i.HAL_SDRAM_IRQHandler) refers to stm32f4xx_hal_sdram.o(i.HAL_SDRAM_RefreshErrorCallback) for HAL_SDRAM_RefreshErrorCallback
    stm32f4xx_hal_sdram.o(i.HAL_SDRAM_Init) refers to fmc.o(i.HAL_SDRAM_MspInit) for HAL_SDRAM_MspInit
    stm32f4xx_hal_sdram.o(i.HAL_SDRAM_Init) refers to stm32f4xx_ll_fmc.o(i.FMC_SDRAM_Init) for FMC_SDRAM_Init
    stm32f4xx_hal_sdram.o(i.HAL_SDRAM_Init) refers to stm32f4xx_ll_fmc.o(i.FMC_SDRAM_Timing_Init) for FMC_SDRAM_Timing_Init
    stm32f4xx_hal_sdram.o(i.HAL_SDRAM_ProgramRefreshRate) refers to stm32f4xx_ll_fmc.o(i.FMC_SDRAM_ProgramRefreshRate) for FMC_SDRAM_ProgramRefreshRate
    stm32f4xx_hal_sdram.o(i.HAL_SDRAM_Read_DMA) refers to stm32f4xx_hal_dma.o(i.HAL_DMA_Start_IT) for HAL_DMA_Start_IT
    stm32f4xx_hal_sdram.o(i.HAL_SDRAM_Read_DMA) refers to stm32f4xx_hal_sdram.o(i.SDRAM_DMACpltProt) for SDRAM_DMACpltProt
    stm32f4xx_hal_sdram.o(i.HAL_SDRAM_Read_DMA) refers to stm32f4xx_hal_sdram.o(i.SDRAM_DMAError) for SDRAM_DMAError
    stm32f4xx_hal_sdram.o(i.HAL_SDRAM_Read_DMA) refers to stm32f4xx_hal_sdram.o(i.SDRAM_DMACplt) for SDRAM_DMACplt
    stm32f4xx_hal_sdram.o(i.HAL_SDRAM_SendCommand) refers to stm32f4xx_ll_fmc.o(i.FMC_SDRAM_SendCommand) for FMC_SDRAM_SendCommand
    stm32f4xx_hal_sdram.o(i.HAL_SDRAM_SetAutoRefreshNumber) refers to stm32f4xx_ll_fmc.o(i.FMC_SDRAM_SetAutoRefreshNumber) for FMC_SDRAM_SetAutoRefreshNumber
    stm32f4xx_hal_sdram.o(i.HAL_SDRAM_WriteProtection_Disable) refers to stm32f4xx_ll_fmc.o(i.FMC_SDRAM_WriteProtection_Disable) for FMC_SDRAM_WriteProtection_Disable
    stm32f4xx_hal_sdram.o(i.HAL_SDRAM_WriteProtection_Enable) refers to stm32f4xx_ll_fmc.o(i.FMC_SDRAM_WriteProtection_Enable) for FMC_SDRAM_WriteProtection_Enable
    stm32f4xx_hal_sdram.o(i.HAL_SDRAM_Write_DMA) refers to stm32f4xx_hal_dma.o(i.HAL_DMA_Start_IT) for HAL_DMA_Start_IT
    stm32f4xx_hal_sdram.o(i.HAL_SDRAM_Write_DMA) refers to stm32f4xx_hal_sdram.o(i.SDRAM_DMACplt) for SDRAM_DMACplt
    stm32f4xx_hal_sdram.o(i.HAL_SDRAM_Write_DMA) refers to stm32f4xx_hal_sdram.o(i.SDRAM_DMAError) for SDRAM_DMAError
    stm32f4xx_hal_sdram.o(i.SDRAM_DMACplt) refers to stm32f4xx_hal_sdram.o(i.HAL_SDRAM_DMA_XferCpltCallback) for HAL_SDRAM_DMA_XferCpltCallback
    stm32f4xx_hal_sdram.o(i.SDRAM_DMACpltProt) refers to stm32f4xx_hal_sdram.o(i.HAL_SDRAM_DMA_XferCpltCallback) for HAL_SDRAM_DMA_XferCpltCallback
    stm32f4xx_hal_sdram.o(i.SDRAM_DMAError) refers to stm32f4xx_hal_sdram.o(i.HAL_SDRAM_DMA_XferErrorCallback) for HAL_SDRAM_DMA_XferErrorCallback
    stm32f4xx_hal_ltdc.o(i.HAL_LTDC_ConfigLayer) refers to memcpya.o(.text) for __aeabi_memcpy4
    stm32f4xx_hal_ltdc.o(i.HAL_LTDC_ConfigLayer) refers to stm32f4xx_hal_ltdc.o(i.LTDC_SetConfig) for LTDC_SetConfig
    stm32f4xx_hal_ltdc.o(i.HAL_LTDC_ConfigLayer_NoReload) refers to memcpya.o(.text) for __aeabi_memcpy4
    stm32f4xx_hal_ltdc.o(i.HAL_LTDC_ConfigLayer_NoReload) refers to stm32f4xx_hal_ltdc.o(i.LTDC_SetConfig) for LTDC_SetConfig
    stm32f4xx_hal_ltdc.o(i.HAL_LTDC_DeInit) refers to stm32f4xx_hal.o(i.HAL_GetTick) for HAL_GetTick
    stm32f4xx_hal_ltdc.o(i.HAL_LTDC_DeInit) refers to ltdc.o(i.HAL_LTDC_MspDeInit) for HAL_LTDC_MspDeInit
    stm32f4xx_hal_ltdc.o(i.HAL_LTDC_IRQHandler) refers to stm32f4xx_hal_ltdc.o(i.HAL_LTDC_ErrorCallback) for HAL_LTDC_ErrorCallback
    stm32f4xx_hal_ltdc.o(i.HAL_LTDC_IRQHandler) refers to stm32f4xx_hal_ltdc.o(i.HAL_LTDC_LineEventCallback) for HAL_LTDC_LineEventCallback
    stm32f4xx_hal_ltdc.o(i.HAL_LTDC_IRQHandler) refers to stm32f4xx_hal_ltdc.o(i.HAL_LTDC_ReloadEventCallback) for HAL_LTDC_ReloadEventCallback
    stm32f4xx_hal_ltdc.o(i.HAL_LTDC_Init) refers to ltdc.o(i.HAL_LTDC_MspInit) for HAL_LTDC_MspInit
    stm32f4xx_hal_ltdc.o(i.HAL_LTDC_SetAddress) refers to stm32f4xx_hal_ltdc.o(i.LTDC_SetConfig) for LTDC_SetConfig
    stm32f4xx_hal_ltdc.o(i.HAL_LTDC_SetAddress_NoReload) refers to stm32f4xx_hal_ltdc.o(i.LTDC_SetConfig) for LTDC_SetConfig
    stm32f4xx_hal_ltdc.o(i.HAL_LTDC_SetAlpha) refers to stm32f4xx_hal_ltdc.o(i.LTDC_SetConfig) for LTDC_SetConfig
    stm32f4xx_hal_ltdc.o(i.HAL_LTDC_SetAlpha_NoReload) refers to stm32f4xx_hal_ltdc.o(i.LTDC_SetConfig) for LTDC_SetConfig
    stm32f4xx_hal_ltdc.o(i.HAL_LTDC_SetPixelFormat) refers to stm32f4xx_hal_ltdc.o(i.LTDC_SetConfig) for LTDC_SetConfig
    stm32f4xx_hal_ltdc.o(i.HAL_LTDC_SetPixelFormat_NoReload) refers to stm32f4xx_hal_ltdc.o(i.LTDC_SetConfig) for LTDC_SetConfig
    stm32f4xx_hal_ltdc.o(i.HAL_LTDC_SetWindowPosition) refers to stm32f4xx_hal_ltdc.o(i.LTDC_SetConfig) for LTDC_SetConfig
    stm32f4xx_hal_ltdc.o(i.HAL_LTDC_SetWindowPosition_NoReload) refers to stm32f4xx_hal_ltdc.o(i.LTDC_SetConfig) for LTDC_SetConfig
    stm32f4xx_hal_ltdc.o(i.HAL_LTDC_SetWindowSize) refers to stm32f4xx_hal_ltdc.o(i.LTDC_SetConfig) for LTDC_SetConfig
    stm32f4xx_hal_ltdc.o(i.HAL_LTDC_SetWindowSize_NoReload) refers to stm32f4xx_hal_ltdc.o(i.LTDC_SetConfig) for LTDC_SetConfig
    system_stm32f4xx.o(i.SystemCoreClockUpdate) refers to system_stm32f4xx.o(.data) for .data
    system_stm32f4xx.o(i.SystemCoreClockUpdate) refers to system_stm32f4xx.o(.constdata) for .constdata
    entry.o(.ARM.Collect$$$$00000000) refers (Special) to entry10a.o(.ARM.Collect$$$$0000000F) for __rt_final_cpp
    entry.o(.ARM.Collect$$$$00000000) refers (Special) to entry11a.o(.ARM.Collect$$$$00000011) for __rt_final_exit
    entry.o(.ARM.Collect$$$$00000000) refers (Special) to entry12b.o(.ARM.Collect$$$$0000000E) for __rt_lib_shutdown_fini
    entry.o(.ARM.Collect$$$$00000000) refers (Special) to entry7b.o(.ARM.Collect$$$$00000008) for _main_clock
    entry.o(.ARM.Collect$$$$00000000) refers (Special) to entry8b.o(.ARM.Collect$$$$0000000A) for _main_cpp_init
    entry.o(.ARM.Collect$$$$00000000) refers (Special) to entry9a.o(.ARM.Collect$$$$0000000B) for _main_init
    entry.o(.ARM.Collect$$$$00000000) refers (Special) to entry5.o(.ARM.Collect$$$$00000004) for _main_scatterload
    entry.o(.ARM.Collect$$$$00000000) refers (Special) to entry2.o(.ARM.Collect$$$$00000001) for _main_stk
    uldiv.o(.text) refers to llushr.o(.text) for __aeabi_llsr
    uldiv.o(.text) refers to llshl.o(.text) for __aeabi_llsl
    entry2.o(.ARM.Collect$$$$00000001) refers to entry2.o(.ARM.Collect$$$$00002712) for __lit__00000000
    entry2.o(.ARM.Collect$$$$00002712) refers to startup_stm32f429xx.o(STACK) for __initial_sp
    entry2.o(__vectab_stack_and_reset_area) refers to startup_stm32f429xx.o(STACK) for __initial_sp
    entry2.o(__vectab_stack_and_reset_area) refers to entry.o(.ARM.Collect$$$$00000000) for __main
    entry5.o(.ARM.Collect$$$$00000004) refers to init.o(.text) for __scatterload
    entry9a.o(.ARM.Collect$$$$0000000B) refers to main.o(i.main) for main
    entry9b.o(.ARM.Collect$$$$0000000C) refers to main.o(i.main) for main
    init.o(.text) refers to entry5.o(.ARM.Collect$$$$00000004) for __main_after_scatterload


==============================================================================

Removing Unused input sections from the image.

    Removing startup_stm32f429xx.o(HEAP), (512 bytes).
    Removing test.o(.rev16_text), (4 bytes).
    Removing test.o(.revsh_text), (4 bytes).
    Removing test.o(.rrx_text), (6 bytes).
    Removing test.o(i.SDRAM_test), (70 bytes).
    Removing main.o(.rev16_text), (4 bytes).
    Removing main.o(.revsh_text), (4 bytes).
    Removing main.o(.rrx_text), (6 bytes).
    Removing gpio.o(.rev16_text), (4 bytes).
    Removing gpio.o(.revsh_text), (4 bytes).
    Removing gpio.o(.rrx_text), (6 bytes).
    Removing crc.o(.rev16_text), (4 bytes).
    Removing crc.o(.revsh_text), (4 bytes).
    Removing crc.o(.rrx_text), (6 bytes).
    Removing crc.o(i.HAL_CRC_MspDeInit), (28 bytes).
    Removing dma2d.o(.rev16_text), (4 bytes).
    Removing dma2d.o(.revsh_text), (4 bytes).
    Removing dma2d.o(.rrx_text), (6 bytes).
    Removing dma2d.o(i.HAL_DMA2D_MspDeInit), (36 bytes).
    Removing dma2d.o(.bss), (20000 bytes).
    Removing fmc.o(.rev16_text), (4 bytes).
    Removing fmc.o(.revsh_text), (4 bytes).
    Removing fmc.o(.rrx_text), (6 bytes).
    Removing fmc.o(i.HAL_SDRAM_MspDeInit), (120 bytes).
    Removing ltdc.o(.rev16_text), (4 bytes).
    Removing ltdc.o(.revsh_text), (4 bytes).
    Removing ltdc.o(.rrx_text), (6 bytes).
    Removing ltdc.o(i.HAL_LTDC_MspDeInit), (160 bytes).
    Removing ltdc.o(i.LCD_ReadPoint), (24 bytes).
    Removing ltdc.o(i.LCD_WritePoint), (24 bytes).
    Removing stm32f4xx_it.o(.rev16_text), (4 bytes).
    Removing stm32f4xx_it.o(.revsh_text), (4 bytes).
    Removing stm32f4xx_it.o(.rrx_text), (6 bytes).
    Removing stm32f4xx_hal_msp.o(.rev16_text), (4 bytes).
    Removing stm32f4xx_hal_msp.o(.revsh_text), (4 bytes).
    Removing stm32f4xx_hal_msp.o(.rrx_text), (6 bytes).
    Removing stm32f4xx_hal_crc.o(.rev16_text), (4 bytes).
    Removing stm32f4xx_hal_crc.o(.revsh_text), (4 bytes).
    Removing stm32f4xx_hal_crc.o(.rrx_text), (6 bytes).
    Removing stm32f4xx_hal_crc.o(i.HAL_CRC_Accumulate), (38 bytes).
    Removing stm32f4xx_hal_crc.o(i.HAL_CRC_Calculate), (46 bytes).
    Removing stm32f4xx_hal_crc.o(i.HAL_CRC_DeInit), (52 bytes).
    Removing stm32f4xx_hal_crc.o(i.HAL_CRC_GetState), (4 bytes).
    Removing stm32f4xx_hal_crc.o(i.HAL_CRC_MspDeInit), (2 bytes).
    Removing stm32f4xx_hal_crc.o(i.HAL_CRC_MspInit), (2 bytes).
    Removing stm32f4xx_hal_rcc.o(.rev16_text), (4 bytes).
    Removing stm32f4xx_hal_rcc.o(.revsh_text), (4 bytes).
    Removing stm32f4xx_hal_rcc.o(.rrx_text), (6 bytes).
    Removing stm32f4xx_hal_rcc.o(i.HAL_RCC_CSSCallback), (2 bytes).
    Removing stm32f4xx_hal_rcc.o(i.HAL_RCC_DeInit), (4 bytes).
    Removing stm32f4xx_hal_rcc.o(i.HAL_RCC_DisableCSS), (12 bytes).
    Removing stm32f4xx_hal_rcc.o(i.HAL_RCC_EnableCSS), (12 bytes).
    Removing stm32f4xx_hal_rcc.o(i.HAL_RCC_GetClockConfig), (64 bytes).
    Removing stm32f4xx_hal_rcc.o(i.HAL_RCC_GetHCLKFreq), (12 bytes).
    Removing stm32f4xx_hal_rcc.o(i.HAL_RCC_GetOscConfig), (180 bytes).
    Removing stm32f4xx_hal_rcc.o(i.HAL_RCC_GetPCLK1Freq), (32 bytes).
    Removing stm32f4xx_hal_rcc.o(i.HAL_RCC_GetPCLK2Freq), (32 bytes).
    Removing stm32f4xx_hal_rcc.o(i.HAL_RCC_MCOConfig), (140 bytes).
    Removing stm32f4xx_hal_rcc.o(i.HAL_RCC_NMI_IRQHandler), (28 bytes).
    Removing stm32f4xx_hal_rcc_ex.o(.rev16_text), (4 bytes).
    Removing stm32f4xx_hal_rcc_ex.o(.revsh_text), (4 bytes).
    Removing stm32f4xx_hal_rcc_ex.o(.rrx_text), (6 bytes).
    Removing stm32f4xx_hal_rcc_ex.o(i.HAL_RCCEx_DisablePLLI2S), (52 bytes).
    Removing stm32f4xx_hal_rcc_ex.o(i.HAL_RCCEx_DisablePLLSAI), (56 bytes).
    Removing stm32f4xx_hal_rcc_ex.o(i.HAL_RCCEx_EnablePLLI2S), (112 bytes).
    Removing stm32f4xx_hal_rcc_ex.o(i.HAL_RCCEx_EnablePLLSAI), (112 bytes).
    Removing stm32f4xx_hal_rcc_ex.o(i.HAL_RCCEx_GetPeriphCLKConfig), (132 bytes).
    Removing stm32f4xx_hal_rcc_ex.o(i.HAL_RCCEx_GetPeriphCLKFreq), (92 bytes).
    Removing stm32f4xx_hal_rcc_ex.o(i.HAL_RCC_DeInit), (360 bytes).
    Removing stm32f4xx_hal_flash.o(.rev16_text), (4 bytes).
    Removing stm32f4xx_hal_flash.o(.revsh_text), (4 bytes).
    Removing stm32f4xx_hal_flash.o(.rrx_text), (6 bytes).
    Removing stm32f4xx_hal_flash.o(i.FLASH_Program_Byte), (32 bytes).
    Removing stm32f4xx_hal_flash.o(i.FLASH_Program_DoubleWord), (44 bytes).
    Removing stm32f4xx_hal_flash.o(i.FLASH_Program_HalfWord), (36 bytes).
    Removing stm32f4xx_hal_flash.o(i.FLASH_Program_Word), (36 bytes).
    Removing stm32f4xx_hal_flash.o(i.FLASH_SetErrorCode), (124 bytes).
    Removing stm32f4xx_hal_flash.o(i.FLASH_WaitForLastOperation), (80 bytes).
    Removing stm32f4xx_hal_flash.o(i.HAL_FLASH_EndOfOperationCallback), (2 bytes).
    Removing stm32f4xx_hal_flash.o(i.HAL_FLASH_GetError), (12 bytes).
    Removing stm32f4xx_hal_flash.o(i.HAL_FLASH_IRQHandler), (204 bytes).
    Removing stm32f4xx_hal_flash.o(i.HAL_FLASH_Lock), (20 bytes).
    Removing stm32f4xx_hal_flash.o(i.HAL_FLASH_OB_Launch), (24 bytes).
    Removing stm32f4xx_hal_flash.o(i.HAL_FLASH_OB_Lock), (20 bytes).
    Removing stm32f4xx_hal_flash.o(i.HAL_FLASH_OB_Unlock), (40 bytes).
    Removing stm32f4xx_hal_flash.o(i.HAL_FLASH_OperationErrorCallback), (2 bytes).
    Removing stm32f4xx_hal_flash.o(i.HAL_FLASH_Program), (124 bytes).
    Removing stm32f4xx_hal_flash.o(i.HAL_FLASH_Program_IT), (108 bytes).
    Removing stm32f4xx_hal_flash.o(i.HAL_FLASH_Unlock), (44 bytes).
    Removing stm32f4xx_hal_flash.o(.bss), (32 bytes).
    Removing stm32f4xx_hal_flash_ex.o(.rev16_text), (4 bytes).
    Removing stm32f4xx_hal_flash_ex.o(.revsh_text), (4 bytes).
    Removing stm32f4xx_hal_flash_ex.o(.rrx_text), (6 bytes).
    Removing stm32f4xx_hal_flash_ex.o(i.FLASH_Erase_Sector), (84 bytes).
    Removing stm32f4xx_hal_flash_ex.o(i.FLASH_FlushCaches), (84 bytes).
    Removing stm32f4xx_hal_flash_ex.o(i.FLASH_MassErase), (64 bytes).
    Removing stm32f4xx_hal_flash_ex.o(i.FLASH_OB_DisableWRP), (112 bytes).
    Removing stm32f4xx_hal_flash_ex.o(i.FLASH_OB_EnableWRP), (116 bytes).
    Removing stm32f4xx_hal_flash_ex.o(i.HAL_FLASHEx_AdvOBGetConfig), (28 bytes).
    Removing stm32f4xx_hal_flash_ex.o(i.HAL_FLASHEx_AdvOBProgram), (188 bytes).
    Removing stm32f4xx_hal_flash_ex.o(i.HAL_FLASHEx_Erase), (156 bytes).
    Removing stm32f4xx_hal_flash_ex.o(i.HAL_FLASHEx_Erase_IT), (104 bytes).
    Removing stm32f4xx_hal_flash_ex.o(i.HAL_FLASHEx_OBGetConfig), (64 bytes).
    Removing stm32f4xx_hal_flash_ex.o(i.HAL_FLASHEx_OBProgram), (184 bytes).
    Removing stm32f4xx_hal_flash_ex.o(i.HAL_FLASHEx_OB_DeSelectPCROP), (20 bytes).
    Removing stm32f4xx_hal_flash_ex.o(i.HAL_FLASHEx_OB_GetBank2WRP), (12 bytes).
    Removing stm32f4xx_hal_flash_ex.o(i.HAL_FLASHEx_OB_SelectPCROP), (24 bytes).
    Removing stm32f4xx_hal_flash_ramfunc.o(.rev16_text), (4 bytes).
    Removing stm32f4xx_hal_flash_ramfunc.o(.revsh_text), (4 bytes).
    Removing stm32f4xx_hal_flash_ramfunc.o(.rrx_text), (6 bytes).
    Removing stm32f4xx_hal_gpio.o(.rev16_text), (4 bytes).
    Removing stm32f4xx_hal_gpio.o(.revsh_text), (4 bytes).
    Removing stm32f4xx_hal_gpio.o(.rrx_text), (6 bytes).
    Removing stm32f4xx_hal_gpio.o(i.HAL_GPIO_DeInit), (396 bytes).
    Removing stm32f4xx_hal_gpio.o(i.HAL_GPIO_EXTI_Callback), (2 bytes).
    Removing stm32f4xx_hal_gpio.o(i.HAL_GPIO_EXTI_IRQHandler), (24 bytes).
    Removing stm32f4xx_hal_gpio.o(i.HAL_GPIO_LockPin), (34 bytes).
    Removing stm32f4xx_hal_gpio.o(i.HAL_GPIO_ReadPin), (10 bytes).
    Removing stm32f4xx_hal_gpio.o(i.HAL_GPIO_TogglePin), (16 bytes).
    Removing stm32f4xx_hal_dma_ex.o(.rev16_text), (4 bytes).
    Removing stm32f4xx_hal_dma_ex.o(.revsh_text), (4 bytes).
    Removing stm32f4xx_hal_dma_ex.o(.rrx_text), (6 bytes).
    Removing stm32f4xx_hal_dma_ex.o(i.DMA_MultiBufferSetConfig), (30 bytes).
    Removing stm32f4xx_hal_dma_ex.o(i.HAL_DMAEx_ChangeMemory), (14 bytes).
    Removing stm32f4xx_hal_dma_ex.o(i.HAL_DMAEx_MultiBufferStart), (100 bytes).
    Removing stm32f4xx_hal_dma_ex.o(i.HAL_DMAEx_MultiBufferStart_IT), (2432 bytes).
    Removing stm32f4xx_hal_dma.o(.rev16_text), (4 bytes).
    Removing stm32f4xx_hal_dma.o(.revsh_text), (4 bytes).
    Removing stm32f4xx_hal_dma.o(.rrx_text), (6 bytes).
    Removing stm32f4xx_hal_dma.o(i.DMA_CalcBaseAndBitshift), (40 bytes).
    Removing stm32f4xx_hal_dma.o(i.DMA_CheckFifoParam), (84 bytes).
    Removing stm32f4xx_hal_dma.o(i.DMA_SetConfig), (40 bytes).
    Removing stm32f4xx_hal_dma.o(i.HAL_DMA_Abort), (146 bytes).
    Removing stm32f4xx_hal_dma.o(i.HAL_DMA_Abort_IT), (36 bytes).
    Removing stm32f4xx_hal_dma.o(i.HAL_DMA_DeInit), (98 bytes).
    Removing stm32f4xx_hal_dma.o(i.HAL_DMA_GetError), (4 bytes).
    Removing stm32f4xx_hal_dma.o(i.HAL_DMA_GetState), (6 bytes).
    Removing stm32f4xx_hal_dma.o(i.HAL_DMA_IRQHandler), (416 bytes).
    Removing stm32f4xx_hal_dma.o(i.HAL_DMA_Init), (212 bytes).
    Removing stm32f4xx_hal_dma.o(i.HAL_DMA_PollForTransfer), (288 bytes).
    Removing stm32f4xx_hal_dma.o(i.HAL_DMA_RegisterCallback), (82 bytes).
    Removing stm32f4xx_hal_dma.o(i.HAL_DMA_Start), (70 bytes).
    Removing stm32f4xx_hal_dma.o(i.HAL_DMA_Start_IT), (110 bytes).
    Removing stm32f4xx_hal_dma.o(i.HAL_DMA_UnRegisterCallback), (96 bytes).
    Removing stm32f4xx_hal_dma.o(.constdata), (8 bytes).
    Removing stm32f4xx_hal_pwr.o(.rev16_text), (4 bytes).
    Removing stm32f4xx_hal_pwr.o(.revsh_text), (4 bytes).
    Removing stm32f4xx_hal_pwr.o(.rrx_text), (6 bytes).
    Removing stm32f4xx_hal_pwr.o(i.HAL_PWR_ConfigPVD), (124 bytes).
    Removing stm32f4xx_hal_pwr.o(i.HAL_PWR_DeInit), (24 bytes).
    Removing stm32f4xx_hal_pwr.o(i.HAL_PWR_DisableBkUpAccess), (24 bytes).
    Removing stm32f4xx_hal_pwr.o(i.HAL_PWR_DisablePVD), (12 bytes).
    Removing stm32f4xx_hal_pwr.o(i.HAL_PWR_DisableSEVOnPend), (16 bytes).
    Removing stm32f4xx_hal_pwr.o(i.HAL_PWR_DisableSleepOnExit), (16 bytes).
    Removing stm32f4xx_hal_pwr.o(i.HAL_PWR_DisableWakeUpPin), (16 bytes).
    Removing stm32f4xx_hal_pwr.o(i.HAL_PWR_EnableBkUpAccess), (24 bytes).
    Removing stm32f4xx_hal_pwr.o(i.HAL_PWR_EnablePVD), (12 bytes).
    Removing stm32f4xx_hal_pwr.o(i.HAL_PWR_EnableSEVOnPend), (16 bytes).
    Removing stm32f4xx_hal_pwr.o(i.HAL_PWR_EnableSleepOnExit), (16 bytes).
    Removing stm32f4xx_hal_pwr.o(i.HAL_PWR_EnableWakeUpPin), (16 bytes).
    Removing stm32f4xx_hal_pwr.o(i.HAL_PWR_EnterSLEEPMode), (32 bytes).
    Removing stm32f4xx_hal_pwr.o(i.HAL_PWR_EnterSTANDBYMode), (32 bytes).
    Removing stm32f4xx_hal_pwr.o(i.HAL_PWR_EnterSTOPMode), (56 bytes).
    Removing stm32f4xx_hal_pwr.o(i.HAL_PWR_PVDCallback), (2 bytes).
    Removing stm32f4xx_hal_pwr.o(i.HAL_PWR_PVD_IRQHandler), (28 bytes).
    Removing stm32f4xx_hal_pwr_ex.o(.rev16_text), (4 bytes).
    Removing stm32f4xx_hal_pwr_ex.o(.revsh_text), (4 bytes).
    Removing stm32f4xx_hal_pwr_ex.o(.rrx_text), (6 bytes).
    Removing stm32f4xx_hal_pwr_ex.o(i.HAL_PWREx_ControlVoltageScaling), (176 bytes).
    Removing stm32f4xx_hal_pwr_ex.o(i.HAL_PWREx_DisableBkUpReg), (60 bytes).
    Removing stm32f4xx_hal_pwr_ex.o(i.HAL_PWREx_DisableFlashPowerDown), (12 bytes).
    Removing stm32f4xx_hal_pwr_ex.o(i.HAL_PWREx_DisableOverDrive), (112 bytes).
    Removing stm32f4xx_hal_pwr_ex.o(i.HAL_PWREx_EnableBkUpReg), (60 bytes).
    Removing stm32f4xx_hal_pwr_ex.o(i.HAL_PWREx_EnableFlashPowerDown), (12 bytes).
    Removing stm32f4xx_hal_pwr_ex.o(i.HAL_PWREx_EnterUnderDriveSTOPMode), (96 bytes).
    Removing stm32f4xx_hal_pwr_ex.o(i.HAL_PWREx_GetVoltageRange), (16 bytes).
    Removing stm32f4xx_hal_cortex.o(.rev16_text), (4 bytes).
    Removing stm32f4xx_hal_cortex.o(.revsh_text), (4 bytes).
    Removing stm32f4xx_hal_cortex.o(.rrx_text), (6 bytes).
    Removing stm32f4xx_hal_cortex.o(i.HAL_MPU_ConfigRegion), (84 bytes).
    Removing stm32f4xx_hal_cortex.o(i.HAL_MPU_Disable), (28 bytes).
    Removing stm32f4xx_hal_cortex.o(i.HAL_MPU_Enable), (36 bytes).
    Removing stm32f4xx_hal_cortex.o(i.HAL_NVIC_ClearPendingIRQ), (26 bytes).
    Removing stm32f4xx_hal_cortex.o(i.HAL_NVIC_DisableIRQ), (34 bytes).
    Removing stm32f4xx_hal_cortex.o(i.HAL_NVIC_GetActive), (36 bytes).
    Removing stm32f4xx_hal_cortex.o(i.HAL_NVIC_GetPendingIRQ), (36 bytes).
    Removing stm32f4xx_hal_cortex.o(i.HAL_NVIC_GetPriority), (82 bytes).
    Removing stm32f4xx_hal_cortex.o(i.HAL_NVIC_GetPriorityGrouping), (16 bytes).
    Removing stm32f4xx_hal_cortex.o(i.HAL_NVIC_SetPendingIRQ), (26 bytes).
    Removing stm32f4xx_hal_cortex.o(i.HAL_NVIC_SystemReset), (36 bytes).
    Removing stm32f4xx_hal_cortex.o(i.HAL_SYSTICK_CLKSourceConfig), (24 bytes).
    Removing stm32f4xx_hal_cortex.o(i.HAL_SYSTICK_Callback), (2 bytes).
    Removing stm32f4xx_hal_cortex.o(i.HAL_SYSTICK_IRQHandler), (8 bytes).
    Removing stm32f4xx_hal.o(.rev16_text), (4 bytes).
    Removing stm32f4xx_hal.o(.revsh_text), (4 bytes).
    Removing stm32f4xx_hal.o(.rrx_text), (6 bytes).
    Removing stm32f4xx_hal.o(i.HAL_DBGMCU_DisableDBGSleepMode), (16 bytes).
    Removing stm32f4xx_hal.o(i.HAL_DBGMCU_DisableDBGStandbyMode), (16 bytes).
    Removing stm32f4xx_hal.o(i.HAL_DBGMCU_DisableDBGStopMode), (16 bytes).
    Removing stm32f4xx_hal.o(i.HAL_DBGMCU_EnableDBGSleepMode), (16 bytes).
    Removing stm32f4xx_hal.o(i.HAL_DBGMCU_EnableDBGStandbyMode), (16 bytes).
    Removing stm32f4xx_hal.o(i.HAL_DBGMCU_EnableDBGStopMode), (16 bytes).
    Removing stm32f4xx_hal.o(i.HAL_DeInit), (52 bytes).
    Removing stm32f4xx_hal.o(i.HAL_DisableCompensationCell), (12 bytes).
    Removing stm32f4xx_hal.o(i.HAL_DisableMemorySwappingBank), (12 bytes).
    Removing stm32f4xx_hal.o(i.HAL_EnableCompensationCell), (12 bytes).
    Removing stm32f4xx_hal.o(i.HAL_EnableMemorySwappingBank), (12 bytes).
    Removing stm32f4xx_hal.o(i.HAL_GetDEVID), (16 bytes).
    Removing stm32f4xx_hal.o(i.HAL_GetHalVersion), (6 bytes).
    Removing stm32f4xx_hal.o(i.HAL_GetREVID), (12 bytes).
    Removing stm32f4xx_hal.o(i.HAL_GetTickFreq), (12 bytes).
    Removing stm32f4xx_hal.o(i.HAL_GetTickPrio), (12 bytes).
    Removing stm32f4xx_hal.o(i.HAL_GetUIDw0), (12 bytes).
    Removing stm32f4xx_hal.o(i.HAL_GetUIDw1), (12 bytes).
    Removing stm32f4xx_hal.o(i.HAL_GetUIDw2), (12 bytes).
    Removing stm32f4xx_hal.o(i.HAL_MspDeInit), (2 bytes).
    Removing stm32f4xx_hal.o(i.HAL_MspInit), (2 bytes).
    Removing stm32f4xx_hal.o(i.HAL_ResumeTick), (14 bytes).
    Removing stm32f4xx_hal.o(i.HAL_SetTickFreq), (36 bytes).
    Removing stm32f4xx_hal.o(i.HAL_SuspendTick), (14 bytes).
    Removing stm32f4xx_hal_exti.o(.rev16_text), (4 bytes).
    Removing stm32f4xx_hal_exti.o(.revsh_text), (4 bytes).
    Removing stm32f4xx_hal_exti.o(.rrx_text), (6 bytes).
    Removing stm32f4xx_hal_exti.o(i.HAL_EXTI_ClearConfigLine), (108 bytes).
    Removing stm32f4xx_hal_exti.o(i.HAL_EXTI_ClearPending), (20 bytes).
    Removing stm32f4xx_hal_exti.o(i.HAL_EXTI_GenerateSWI), (20 bytes).
    Removing stm32f4xx_hal_exti.o(i.HAL_EXTI_GetConfigLine), (148 bytes).
    Removing stm32f4xx_hal_exti.o(i.HAL_EXTI_GetHandle), (12 bytes).
    Removing stm32f4xx_hal_exti.o(i.HAL_EXTI_GetPending), (24 bytes).
    Removing stm32f4xx_hal_exti.o(i.HAL_EXTI_IRQHandler), (36 bytes).
    Removing stm32f4xx_hal_exti.o(i.HAL_EXTI_RegisterCallback), (14 bytes).
    Removing stm32f4xx_hal_exti.o(i.HAL_EXTI_SetConfigLine), (168 bytes).
    Removing stm32f4xx_hal_dma2d.o(.rev16_text), (4 bytes).
    Removing stm32f4xx_hal_dma2d.o(.revsh_text), (4 bytes).
    Removing stm32f4xx_hal_dma2d.o(.rrx_text), (6 bytes).
    Removing stm32f4xx_hal_dma2d.o(i.DMA2D_SetConfig), (150 bytes).
    Removing stm32f4xx_hal_dma2d.o(i.HAL_DMA2D_Abort), (96 bytes).
    Removing stm32f4xx_hal_dma2d.o(i.HAL_DMA2D_BlendingStart), (62 bytes).
    Removing stm32f4xx_hal_dma2d.o(i.HAL_DMA2D_BlendingStart_IT), (72 bytes).
    Removing stm32f4xx_hal_dma2d.o(i.HAL_DMA2D_CLUTLoad), (94 bytes).
    Removing stm32f4xx_hal_dma2d.o(i.HAL_DMA2D_CLUTLoad_IT), (114 bytes).
    Removing stm32f4xx_hal_dma2d.o(i.HAL_DMA2D_CLUTLoading_Abort), (106 bytes).
    Removing stm32f4xx_hal_dma2d.o(i.HAL_DMA2D_CLUTLoading_Resume), (48 bytes).
    Removing stm32f4xx_hal_dma2d.o(i.HAL_DMA2D_CLUTLoading_Suspend), (138 bytes).
    Removing stm32f4xx_hal_dma2d.o(i.HAL_DMA2D_CLUTStartLoad), (108 bytes).
    Removing stm32f4xx_hal_dma2d.o(i.HAL_DMA2D_CLUTStartLoad_IT), (128 bytes).
    Removing stm32f4xx_hal_dma2d.o(i.HAL_DMA2D_ConfigCLUT), (84 bytes).
    Removing stm32f4xx_hal_dma2d.o(i.HAL_DMA2D_ConfigDeadTime), (50 bytes).
    Removing stm32f4xx_hal_dma2d.o(i.HAL_DMA2D_ConfigLayer), (164 bytes).
    Removing stm32f4xx_hal_dma2d.o(i.HAL_DMA2D_DeInit), (120 bytes).
    Removing stm32f4xx_hal_dma2d.o(i.HAL_DMA2D_DisableDeadTime), (44 bytes).
    Removing stm32f4xx_hal_dma2d.o(i.HAL_DMA2D_EnableCLUT), (50 bytes).
    Removing stm32f4xx_hal_dma2d.o(i.HAL_DMA2D_EnableDeadTime), (44 bytes).
    Removing stm32f4xx_hal_dma2d.o(i.HAL_DMA2D_GetError), (4 bytes).
    Removing stm32f4xx_hal_dma2d.o(i.HAL_DMA2D_GetState), (6 bytes).
    Removing stm32f4xx_hal_dma2d.o(i.HAL_DMA2D_MspDeInit), (2 bytes).
    Removing stm32f4xx_hal_dma2d.o(i.HAL_DMA2D_MspInit), (2 bytes).
    Removing stm32f4xx_hal_dma2d.o(i.HAL_DMA2D_PollForTransfer), (272 bytes).
    Removing stm32f4xx_hal_dma2d.o(i.HAL_DMA2D_ProgramLineEvent), (60 bytes).
    Removing stm32f4xx_hal_dma2d.o(i.HAL_DMA2D_Resume), (28 bytes).
    Removing stm32f4xx_hal_dma2d.o(i.HAL_DMA2D_Start), (52 bytes).
    Removing stm32f4xx_hal_dma2d.o(i.HAL_DMA2D_Start_IT), (62 bytes).
    Removing stm32f4xx_hal_dma2d.o(i.HAL_DMA2D_Suspend), (94 bytes).
    Removing stm32f4xx_ll_fmc.o(.rev16_text), (4 bytes).
    Removing stm32f4xx_ll_fmc.o(.revsh_text), (4 bytes).
    Removing stm32f4xx_ll_fmc.o(.rrx_text), (6 bytes).
    Removing stm32f4xx_ll_fmc.o(i.FMC_NAND_AttributeSpace_Timing_Init), (40 bytes).
    Removing stm32f4xx_ll_fmc.o(i.FMC_NAND_CommonSpace_Timing_Init), (40 bytes).
    Removing stm32f4xx_ll_fmc.o(i.FMC_NAND_DeInit), (52 bytes).
    Removing stm32f4xx_ll_fmc.o(i.FMC_NAND_ECC_Disable), (26 bytes).
    Removing stm32f4xx_ll_fmc.o(i.FMC_NAND_ECC_Enable), (26 bytes).
    Removing stm32f4xx_ll_fmc.o(i.FMC_NAND_GetECC), (80 bytes).
    Removing stm32f4xx_ll_fmc.o(i.FMC_NAND_Init), (72 bytes).
    Removing stm32f4xx_ll_fmc.o(i.FMC_NORSRAM_DeInit), (50 bytes).
    Removing stm32f4xx_ll_fmc.o(i.FMC_NORSRAM_Extended_Timing_Init), (60 bytes).
    Removing stm32f4xx_ll_fmc.o(i.FMC_NORSRAM_Init), (128 bytes).
    Removing stm32f4xx_ll_fmc.o(i.FMC_NORSRAM_Timing_Init), (100 bytes).
    Removing stm32f4xx_ll_fmc.o(i.FMC_NORSRAM_WriteOperation_Disable), (16 bytes).
    Removing stm32f4xx_ll_fmc.o(i.FMC_NORSRAM_WriteOperation_Enable), (16 bytes).
    Removing stm32f4xx_ll_fmc.o(i.FMC_PCCARD_AttributeSpace_Timing_Init), (28 bytes).
    Removing stm32f4xx_ll_fmc.o(i.FMC_PCCARD_CommonSpace_Timing_Init), (28 bytes).
    Removing stm32f4xx_ll_fmc.o(i.FMC_PCCARD_DeInit), (30 bytes).
    Removing stm32f4xx_ll_fmc.o(i.FMC_PCCARD_IOSpace_Timing_Init), (28 bytes).
    Removing stm32f4xx_ll_fmc.o(i.FMC_PCCARD_Init), (40 bytes).
    Removing stm32f4xx_ll_fmc.o(i.FMC_SDRAM_DeInit), (30 bytes).
    Removing stm32f4xx_ll_fmc.o(i.FMC_SDRAM_GetModeStatus), (18 bytes).
    Removing stm32f4xx_ll_fmc.o(i.FMC_SDRAM_SetAutoRefreshNumber), (22 bytes).
    Removing stm32f4xx_ll_fmc.o(i.FMC_SDRAM_WriteProtection_Disable), (16 bytes).
    Removing stm32f4xx_ll_fmc.o(i.FMC_SDRAM_WriteProtection_Enable), (16 bytes).
    Removing stm32f4xx_hal_sdram.o(.rev16_text), (4 bytes).
    Removing stm32f4xx_hal_sdram.o(.revsh_text), (4 bytes).
    Removing stm32f4xx_hal_sdram.o(.rrx_text), (6 bytes).
    Removing stm32f4xx_hal_sdram.o(i.HAL_SDRAM_DMA_XferCpltCallback), (2 bytes).
    Removing stm32f4xx_hal_sdram.o(i.HAL_SDRAM_DMA_XferErrorCallback), (2 bytes).
    Removing stm32f4xx_hal_sdram.o(i.HAL_SDRAM_DeInit), (28 bytes).
    Removing stm32f4xx_hal_sdram.o(i.HAL_SDRAM_GetModeStatus), (6 bytes).
    Removing stm32f4xx_hal_sdram.o(i.HAL_SDRAM_GetState), (6 bytes).
    Removing stm32f4xx_hal_sdram.o(i.HAL_SDRAM_IRQHandler), (30 bytes).
    Removing stm32f4xx_hal_sdram.o(i.HAL_SDRAM_MspDeInit), (2 bytes).
    Removing stm32f4xx_hal_sdram.o(i.HAL_SDRAM_MspInit), (2 bytes).
    Removing stm32f4xx_hal_sdram.o(i.HAL_SDRAM_Read_16b), (90 bytes).
    Removing stm32f4xx_hal_sdram.o(i.HAL_SDRAM_Read_32b), (68 bytes).
    Removing stm32f4xx_hal_sdram.o(i.HAL_SDRAM_Read_8b), (72 bytes).
    Removing stm32f4xx_hal_sdram.o(i.HAL_SDRAM_Read_DMA), (96 bytes).
    Removing stm32f4xx_hal_sdram.o(i.HAL_SDRAM_RefreshErrorCallback), (2 bytes).
    Removing stm32f4xx_hal_sdram.o(i.HAL_SDRAM_SetAutoRefreshNumber), (46 bytes).
    Removing stm32f4xx_hal_sdram.o(i.HAL_SDRAM_WriteProtection_Disable), (44 bytes).
    Removing stm32f4xx_hal_sdram.o(i.HAL_SDRAM_WriteProtection_Enable), (48 bytes).
    Removing stm32f4xx_hal_sdram.o(i.HAL_SDRAM_Write_16b), (102 bytes).
    Removing stm32f4xx_hal_sdram.o(i.HAL_SDRAM_Write_32b), (68 bytes).
    Removing stm32f4xx_hal_sdram.o(i.HAL_SDRAM_Write_8b), (72 bytes).
    Removing stm32f4xx_hal_sdram.o(i.HAL_SDRAM_Write_DMA), (88 bytes).
    Removing stm32f4xx_hal_sdram.o(i.SDRAM_DMACplt), (26 bytes).
    Removing stm32f4xx_hal_sdram.o(i.SDRAM_DMACpltProt), (26 bytes).
    Removing stm32f4xx_hal_sdram.o(i.SDRAM_DMAError), (26 bytes).
    Removing stm32f4xx_hal_ltdc.o(.rev16_text), (4 bytes).
    Removing stm32f4xx_hal_ltdc.o(.revsh_text), (4 bytes).
    Removing stm32f4xx_hal_ltdc.o(.rrx_text), (6 bytes).
    Removing stm32f4xx_hal_ltdc.o(i.HAL_LTDC_ConfigCLUT), (120 bytes).
    Removing stm32f4xx_hal_ltdc.o(i.HAL_LTDC_ConfigColorKeying), (64 bytes).
    Removing stm32f4xx_hal_ltdc.o(i.HAL_LTDC_ConfigColorKeying_NoReload), (58 bytes).
    Removing stm32f4xx_hal_ltdc.o(i.HAL_LTDC_ConfigLayer_NoReload), (78 bytes).
    Removing stm32f4xx_hal_ltdc.o(i.HAL_LTDC_DeInit), (106 bytes).
    Removing stm32f4xx_hal_ltdc.o(i.HAL_LTDC_DisableCLUT), (58 bytes).
    Removing stm32f4xx_hal_ltdc.o(i.HAL_LTDC_DisableCLUT_NoReload), (52 bytes).
    Removing stm32f4xx_hal_ltdc.o(i.HAL_LTDC_DisableColorKeying), (58 bytes).
    Removing stm32f4xx_hal_ltdc.o(i.HAL_LTDC_DisableColorKeying_NoReload), (52 bytes).
    Removing stm32f4xx_hal_ltdc.o(i.HAL_LTDC_DisableDither), (48 bytes).
    Removing stm32f4xx_hal_ltdc.o(i.HAL_LTDC_EnableCLUT), (58 bytes).
    Removing stm32f4xx_hal_ltdc.o(i.HAL_LTDC_EnableCLUT_NoReload), (52 bytes).
    Removing stm32f4xx_hal_ltdc.o(i.HAL_LTDC_EnableColorKeying), (58 bytes).
    Removing stm32f4xx_hal_ltdc.o(i.HAL_LTDC_EnableColorKeying_NoReload), (52 bytes).
    Removing stm32f4xx_hal_ltdc.o(i.HAL_LTDC_EnableDither), (48 bytes).
    Removing stm32f4xx_hal_ltdc.o(i.HAL_LTDC_GetError), (6 bytes).
    Removing stm32f4xx_hal_ltdc.o(i.HAL_LTDC_GetState), (6 bytes).
    Removing stm32f4xx_hal_ltdc.o(i.HAL_LTDC_MspDeInit), (2 bytes).
    Removing stm32f4xx_hal_ltdc.o(i.HAL_LTDC_MspInit), (2 bytes).
    Removing stm32f4xx_hal_ltdc.o(i.HAL_LTDC_ProgramLineEvent), (68 bytes).
    Removing stm32f4xx_hal_ltdc.o(i.HAL_LTDC_Reload), (52 bytes).
    Removing stm32f4xx_hal_ltdc.o(i.HAL_LTDC_SetAddress), (68 bytes).
    Removing stm32f4xx_hal_ltdc.o(i.HAL_LTDC_SetAddress_NoReload), (64 bytes).
    Removing stm32f4xx_hal_ltdc.o(i.HAL_LTDC_SetAlpha), (68 bytes).
    Removing stm32f4xx_hal_ltdc.o(i.HAL_LTDC_SetAlpha_NoReload), (64 bytes).
    Removing stm32f4xx_hal_ltdc.o(i.HAL_LTDC_SetPitch), (144 bytes).
    Removing stm32f4xx_hal_ltdc.o(i.HAL_LTDC_SetPitch_NoReload), (124 bytes).
    Removing stm32f4xx_hal_ltdc.o(i.HAL_LTDC_SetPixelFormat), (68 bytes).
    Removing stm32f4xx_hal_ltdc.o(i.HAL_LTDC_SetPixelFormat_NoReload), (64 bytes).
    Removing stm32f4xx_hal_ltdc.o(i.HAL_LTDC_SetWindowPosition), (84 bytes).
    Removing stm32f4xx_hal_ltdc.o(i.HAL_LTDC_SetWindowPosition_NoReload), (80 bytes).
    Removing stm32f4xx_hal_ltdc.o(i.HAL_LTDC_SetWindowSize), (84 bytes).
    Removing stm32f4xx_hal_ltdc.o(i.HAL_LTDC_SetWindowSize_NoReload), (80 bytes).
    Removing stm32f4xx_hal_ltdc_ex.o(.rev16_text), (4 bytes).
    Removing stm32f4xx_hal_ltdc_ex.o(.revsh_text), (4 bytes).
    Removing stm32f4xx_hal_ltdc_ex.o(.rrx_text), (6 bytes).
    Removing stm32f4xx_hal_dsi.o(.rev16_text), (4 bytes).
    Removing stm32f4xx_hal_dsi.o(.revsh_text), (4 bytes).
    Removing stm32f4xx_hal_dsi.o(.rrx_text), (6 bytes).
    Removing stm32f4xx_hal_tim.o(.rev16_text), (4 bytes).
    Removing stm32f4xx_hal_tim.o(.revsh_text), (4 bytes).
    Removing stm32f4xx_hal_tim.o(.rrx_text), (6 bytes).
    Removing stm32f4xx_hal_tim_ex.o(.rev16_text), (4 bytes).
    Removing stm32f4xx_hal_tim_ex.o(.revsh_text), (4 bytes).
    Removing stm32f4xx_hal_tim_ex.o(.rrx_text), (6 bytes).
    Removing system_stm32f4xx.o(.rev16_text), (4 bytes).
    Removing system_stm32f4xx.o(.revsh_text), (4 bytes).
    Removing system_stm32f4xx.o(.rrx_text), (6 bytes).
    Removing system_stm32f4xx.o(i.SystemCoreClockUpdate), (124 bytes).
    Removing system_stm32f4xx.o(.constdata), (8 bytes).

368 unused section(s) (total 38800 bytes) removed from the image.

==============================================================================

Image Symbol Table

    Local Symbols

    Symbol Name                              Value     Ov Type        Size  Object(Section)

    ../Core/Src/crc.c                        0x00000000   Number         0  crc.o ABSOLUTE
    ../Core/Src/dma2d.c                      0x00000000   Number         0  dma2d.o ABSOLUTE
    ../Core/Src/fmc.c                        0x00000000   Number         0  fmc.o ABSOLUTE
    ../Core/Src/gpio.c                       0x00000000   Number         0  gpio.o ABSOLUTE
    ../Core/Src/ltdc.c                       0x00000000   Number         0  ltdc.o ABSOLUTE
    ../Core/Src/main.c                       0x00000000   Number         0  main.o ABSOLUTE
    ../Core/Src/stm32f4xx_hal_msp.c          0x00000000   Number         0  stm32f4xx_hal_msp.o ABSOLUTE
    ../Core/Src/stm32f4xx_it.c               0x00000000   Number         0  stm32f4xx_it.o ABSOLUTE
    ../Core/Src/system_stm32f4xx.c           0x00000000   Number         0  system_stm32f4xx.o ABSOLUTE
    ../Drivers/STM32F4xx_HAL_Driver/Src/stm32f4xx_hal.c 0x00000000   Number         0  stm32f4xx_hal.o ABSOLUTE
    ../Drivers/STM32F4xx_HAL_Driver/Src/stm32f4xx_hal_cortex.c 0x00000000   Number         0  stm32f4xx_hal_cortex.o ABSOLUTE
    ../Drivers/STM32F4xx_HAL_Driver/Src/stm32f4xx_hal_crc.c 0x00000000   Number         0  stm32f4xx_hal_crc.o ABSOLUTE
    ../Drivers/STM32F4xx_HAL_Driver/Src/stm32f4xx_hal_dma.c 0x00000000   Number         0  stm32f4xx_hal_dma.o ABSOLUTE
    ../Drivers/STM32F4xx_HAL_Driver/Src/stm32f4xx_hal_dma2d.c 0x00000000   Number         0  stm32f4xx_hal_dma2d.o ABSOLUTE
    ../Drivers/STM32F4xx_HAL_Driver/Src/stm32f4xx_hal_dma_ex.c 0x00000000   Number         0  stm32f4xx_hal_dma_ex.o ABSOLUTE
    ../Drivers/STM32F4xx_HAL_Driver/Src/stm32f4xx_hal_dsi.c 0x00000000   Number         0  stm32f4xx_hal_dsi.o ABSOLUTE
    ../Drivers/STM32F4xx_HAL_Driver/Src/stm32f4xx_hal_exti.c 0x00000000   Number         0  stm32f4xx_hal_exti.o ABSOLUTE
    ../Drivers/STM32F4xx_HAL_Driver/Src/stm32f4xx_hal_flash.c 0x00000000   Number         0  stm32f4xx_hal_flash.o ABSOLUTE
    ../Drivers/STM32F4xx_HAL_Driver/Src/stm32f4xx_hal_flash_ex.c 0x00000000   Number         0  stm32f4xx_hal_flash_ex.o ABSOLUTE
    ../Drivers/STM32F4xx_HAL_Driver/Src/stm32f4xx_hal_flash_ramfunc.c 0x00000000   Number         0  stm32f4xx_hal_flash_ramfunc.o ABSOLUTE
    ../Drivers/STM32F4xx_HAL_Driver/Src/stm32f4xx_hal_gpio.c 0x00000000   Number         0  stm32f4xx_hal_gpio.o ABSOLUTE
    ../Drivers/STM32F4xx_HAL_Driver/Src/stm32f4xx_hal_ltdc.c 0x00000000   Number         0  stm32f4xx_hal_ltdc.o ABSOLUTE
    ../Drivers/STM32F4xx_HAL_Driver/Src/stm32f4xx_hal_ltdc_ex.c 0x00000000   Number         0  stm32f4xx_hal_ltdc_ex.o ABSOLUTE
    ../Drivers/STM32F4xx_HAL_Driver/Src/stm32f4xx_hal_pwr.c 0x00000000   Number         0  stm32f4xx_hal_pwr.o ABSOLUTE
    ../Drivers/STM32F4xx_HAL_Driver/Src/stm32f4xx_hal_pwr_ex.c 0x00000000   Number         0  stm32f4xx_hal_pwr_ex.o ABSOLUTE
    ../Drivers/STM32F4xx_HAL_Driver/Src/stm32f4xx_hal_rcc.c 0x00000000   Number         0  stm32f4xx_hal_rcc.o ABSOLUTE
    ../Drivers/STM32F4xx_HAL_Driver/Src/stm32f4xx_hal_rcc_ex.c 0x00000000   Number         0  stm32f4xx_hal_rcc_ex.o ABSOLUTE
    ../Drivers/STM32F4xx_HAL_Driver/Src/stm32f4xx_hal_sdram.c 0x00000000   Number         0  stm32f4xx_hal_sdram.o ABSOLUTE
    ../Drivers/STM32F4xx_HAL_Driver/Src/stm32f4xx_hal_tim.c 0x00000000   Number         0  stm32f4xx_hal_tim.o ABSOLUTE
    ../Drivers/STM32F4xx_HAL_Driver/Src/stm32f4xx_hal_tim_ex.c 0x00000000   Number         0  stm32f4xx_hal_tim_ex.o ABSOLUTE
    ../Drivers/STM32F4xx_HAL_Driver/Src/stm32f4xx_ll_fmc.c 0x00000000   Number         0  stm32f4xx_ll_fmc.o ABSOLUTE
    ../clib/microlib/division.c              0x00000000   Number         0  uldiv.o ABSOLUTE
    ../clib/microlib/init/entry.s            0x00000000   Number         0  entry10b.o ABSOLUTE
    ../clib/microlib/init/entry.s            0x00000000   Number         0  entry5.o ABSOLUTE
    ../clib/microlib/init/entry.s            0x00000000   Number         0  entry7a.o ABSOLUTE
    ../clib/microlib/init/entry.s            0x00000000   Number         0  entry.o ABSOLUTE
    ../clib/microlib/init/entry.s            0x00000000   Number         0  entry10a.o ABSOLUTE
    ../clib/microlib/init/entry.s            0x00000000   Number         0  entry9b.o ABSOLUTE
    ../clib/microlib/init/entry.s            0x00000000   Number         0  entry8a.o ABSOLUTE
    ../clib/microlib/init/entry.s            0x00000000   Number         0  entry12b.o ABSOLUTE
    ../clib/microlib/init/entry.s            0x00000000   Number         0  entry9a.o ABSOLUTE
    ../clib/microlib/init/entry.s            0x00000000   Number         0  entry11b.o ABSOLUTE
    ../clib/microlib/init/entry.s            0x00000000   Number         0  entry8b.o ABSOLUTE
    ../clib/microlib/init/entry.s            0x00000000   Number         0  entry11a.o ABSOLUTE
    ../clib/microlib/init/entry.s            0x00000000   Number         0  entry12a.o ABSOLUTE
    ../clib/microlib/init/entry.s            0x00000000   Number         0  entry7b.o ABSOLUTE
    ../clib/microlib/init/entry.s            0x00000000   Number         0  entry2.o ABSOLUTE
    ../clib/microlib/longlong.c              0x00000000   Number         0  llushr.o ABSOLUTE
    ../clib/microlib/longlong.c              0x00000000   Number         0  llshl.o ABSOLUTE
    ../clib/microlib/string/memcpy.c         0x00000000   Number         0  memcpya.o ABSOLUTE
    ../clib/microlib/string/memcpy.c         0x00000000   Number         0  memcpyb.o ABSOLUTE
    ../clib/microlib/string/memset.c         0x00000000   Number         0  memseta.o ABSOLUTE
    ..\Core\Src\crc.c                        0x00000000   Number         0  crc.o ABSOLUTE
    ..\Core\Src\dma2d.c                      0x00000000   Number         0  dma2d.o ABSOLUTE
    ..\Core\Src\fmc.c                        0x00000000   Number         0  fmc.o ABSOLUTE
    ..\Core\Src\gpio.c                       0x00000000   Number         0  gpio.o ABSOLUTE
    ..\Core\Src\ltdc.c                       0x00000000   Number         0  ltdc.o ABSOLUTE
    ..\Core\Src\main.c                       0x00000000   Number         0  main.o ABSOLUTE
    ..\Core\Src\stm32f4xx_hal_msp.c          0x00000000   Number         0  stm32f4xx_hal_msp.o ABSOLUTE
    ..\Core\Src\stm32f4xx_it.c               0x00000000   Number         0  stm32f4xx_it.o ABSOLUTE
    ..\Core\Src\system_stm32f4xx.c           0x00000000   Number         0  system_stm32f4xx.o ABSOLUTE
    ..\Core\Src\test.c                       0x00000000   Number         0  test.o ABSOLUTE
    ..\Drivers\STM32F4xx_HAL_Driver\Src\stm32f4xx_hal.c 0x00000000   Number         0  stm32f4xx_hal.o ABSOLUTE
    ..\Drivers\STM32F4xx_HAL_Driver\Src\stm32f4xx_hal_cortex.c 0x00000000   Number         0  stm32f4xx_hal_cortex.o ABSOLUTE
    ..\Drivers\STM32F4xx_HAL_Driver\Src\stm32f4xx_hal_crc.c 0x00000000   Number         0  stm32f4xx_hal_crc.o ABSOLUTE
    ..\Drivers\STM32F4xx_HAL_Driver\Src\stm32f4xx_hal_dma.c 0x00000000   Number         0  stm32f4xx_hal_dma.o ABSOLUTE
    ..\Drivers\STM32F4xx_HAL_Driver\Src\stm32f4xx_hal_dma2d.c 0x00000000   Number         0  stm32f4xx_hal_dma2d.o ABSOLUTE
    ..\Drivers\STM32F4xx_HAL_Driver\Src\stm32f4xx_hal_dma_ex.c 0x00000000   Number         0  stm32f4xx_hal_dma_ex.o ABSOLUTE
    ..\Drivers\STM32F4xx_HAL_Driver\Src\stm32f4xx_hal_dsi.c 0x00000000   Number         0  stm32f4xx_hal_dsi.o ABSOLUTE
    ..\Drivers\STM32F4xx_HAL_Driver\Src\stm32f4xx_hal_exti.c 0x00000000   Number         0  stm32f4xx_hal_exti.o ABSOLUTE
    ..\Drivers\STM32F4xx_HAL_Driver\Src\stm32f4xx_hal_flash.c 0x00000000   Number         0  stm32f4xx_hal_flash.o ABSOLUTE
    ..\Drivers\STM32F4xx_HAL_Driver\Src\stm32f4xx_hal_flash_ex.c 0x00000000   Number         0  stm32f4xx_hal_flash_ex.o ABSOLUTE
    ..\Drivers\STM32F4xx_HAL_Driver\Src\stm32f4xx_hal_flash_ramfunc.c 0x00000000   Number         0  stm32f4xx_hal_flash_ramfunc.o ABSOLUTE
    ..\Drivers\STM32F4xx_HAL_Driver\Src\stm32f4xx_hal_gpio.c 0x00000000   Number         0  stm32f4xx_hal_gpio.o ABSOLUTE
    ..\Drivers\STM32F4xx_HAL_Driver\Src\stm32f4xx_hal_ltdc.c 0x00000000   Number         0  stm32f4xx_hal_ltdc.o ABSOLUTE
    ..\Drivers\STM32F4xx_HAL_Driver\Src\stm32f4xx_hal_ltdc_ex.c 0x00000000   Number         0  stm32f4xx_hal_ltdc_ex.o ABSOLUTE
    ..\Drivers\STM32F4xx_HAL_Driver\Src\stm32f4xx_hal_pwr.c 0x00000000   Number         0  stm32f4xx_hal_pwr.o ABSOLUTE
    ..\Drivers\STM32F4xx_HAL_Driver\Src\stm32f4xx_hal_pwr_ex.c 0x00000000   Number         0  stm32f4xx_hal_pwr_ex.o ABSOLUTE
    ..\Drivers\STM32F4xx_HAL_Driver\Src\stm32f4xx_hal_rcc.c 0x00000000   Number         0  stm32f4xx_hal_rcc.o ABSOLUTE
    ..\Drivers\STM32F4xx_HAL_Driver\Src\stm32f4xx_hal_rcc_ex.c 0x00000000   Number         0  stm32f4xx_hal_rcc_ex.o ABSOLUTE
    ..\Drivers\STM32F4xx_HAL_Driver\Src\stm32f4xx_hal_sdram.c 0x00000000   Number         0  stm32f4xx_hal_sdram.o ABSOLUTE
    ..\Drivers\STM32F4xx_HAL_Driver\Src\stm32f4xx_hal_tim.c 0x00000000   Number         0  stm32f4xx_hal_tim.o ABSOLUTE
    ..\Drivers\STM32F4xx_HAL_Driver\Src\stm32f4xx_hal_tim_ex.c 0x00000000   Number         0  stm32f4xx_hal_tim_ex.o ABSOLUTE
    ..\Drivers\STM32F4xx_HAL_Driver\Src\stm32f4xx_ll_fmc.c 0x00000000   Number         0  stm32f4xx_ll_fmc.o ABSOLUTE
    ..\\Core\\Src\\test.c                    0x00000000   Number         0  test.o ABSOLUTE
    dc.s                                     0x00000000   Number         0  dc.o ABSOLUTE
    handlers.s                               0x00000000   Number         0  handlers.o ABSOLUTE
    init.s                                   0x00000000   Number         0  init.o ABSOLUTE
    startup_stm32f429xx.s                    0x00000000   Number         0  startup_stm32f429xx.o ABSOLUTE
    RESET                                    0x08000000   Section      428  startup_stm32f429xx.o(RESET)
    .ARM.Collect$$$$00000000                 0x080001ac   Section        0  entry.o(.ARM.Collect$$$$00000000)
    .ARM.Collect$$$$00000001                 0x080001ac   Section        4  entry2.o(.ARM.Collect$$$$00000001)
    .ARM.Collect$$$$00000004                 0x080001b0   Section        4  entry5.o(.ARM.Collect$$$$00000004)
    .ARM.Collect$$$$00000008                 0x080001b4   Section        0  entry7b.o(.ARM.Collect$$$$00000008)
    .ARM.Collect$$$$0000000A                 0x080001b4   Section        0  entry8b.o(.ARM.Collect$$$$0000000A)
    .ARM.Collect$$$$0000000B                 0x080001b4   Section        8  entry9a.o(.ARM.Collect$$$$0000000B)
    .ARM.Collect$$$$0000000E                 0x080001bc   Section        4  entry12b.o(.ARM.Collect$$$$0000000E)
    .ARM.Collect$$$$0000000F                 0x080001c0   Section        0  entry10a.o(.ARM.Collect$$$$0000000F)
    .ARM.Collect$$$$00000011                 0x080001c0   Section        0  entry11a.o(.ARM.Collect$$$$00000011)
    .ARM.Collect$$$$00002712                 0x080001c0   Section        4  entry2.o(.ARM.Collect$$$$00002712)
    __lit__00000000                          0x080001c0   Data           4  entry2.o(.ARM.Collect$$$$00002712)
    .text                                    0x080001c4   Section       36  startup_stm32f429xx.o(.text)
    $v0                                      0x080001c4   Number         0  startup_stm32f429xx.o(.text)
    .text                                    0x080001e8   Section        0  uldiv.o(.text)
    .text                                    0x0800024a   Section        0  memcpya.o(.text)
    .text                                    0x0800026e   Section        0  memseta.o(.text)
    .text                                    0x08000292   Section        0  llshl.o(.text)
    .text                                    0x080002b0   Section        0  llushr.o(.text)
    .text                                    0x080002d0   Section       36  init.o(.text)
    i.BusFault_Handler                       0x080002f4   Section        0  stm32f4xx_it.o(i.BusFault_Handler)
    i.DMA2D_IRQHandler                       0x080002f8   Section        0  stm32f4xx_it.o(i.DMA2D_IRQHandler)
    i.DebugMon_Handler                       0x08000304   Section        0  stm32f4xx_it.o(i.DebugMon_Handler)
    i.Error_Handler                          0x08000306   Section        0  main.o(i.Error_Handler)
    i.FMC_SDRAM_Init                         0x0800030a   Section        0  stm32f4xx_ll_fmc.o(i.FMC_SDRAM_Init)
    i.FMC_SDRAM_ProgramRefreshRate           0x08000370   Section        0  stm32f4xx_ll_fmc.o(i.FMC_SDRAM_ProgramRefreshRate)
    i.FMC_SDRAM_SendCommand                  0x08000382   Section        0  stm32f4xx_ll_fmc.o(i.FMC_SDRAM_SendCommand)
    i.FMC_SDRAM_Timing_Init                  0x080003d0   Section        0  stm32f4xx_ll_fmc.o(i.FMC_SDRAM_Timing_Init)
    i.HAL_CRC_Init                           0x08000474   Section        0  stm32f4xx_hal_crc.o(i.HAL_CRC_Init)
    i.HAL_CRC_MspInit                        0x08000498   Section        0  crc.o(i.HAL_CRC_MspInit)
    i.HAL_DMA2D_CLUTLoadingCpltCallback      0x080004c0   Section        0  stm32f4xx_hal_dma2d.o(i.HAL_DMA2D_CLUTLoadingCpltCallback)
    i.HAL_DMA2D_IRQHandler                   0x080004c2   Section        0  stm32f4xx_hal_dma2d.o(i.HAL_DMA2D_IRQHandler)
    i.HAL_DMA2D_Init                         0x080005e0   Section        0  stm32f4xx_hal_dma2d.o(i.HAL_DMA2D_Init)
    i.HAL_DMA2D_LineEventCallback            0x0800063a   Section        0  stm32f4xx_hal_dma2d.o(i.HAL_DMA2D_LineEventCallback)
    i.HAL_DMA2D_MspInit                      0x0800063c   Section        0  dma2d.o(i.HAL_DMA2D_MspInit)
    i.HAL_Delay                              0x08000678   Section        0  stm32f4xx_hal.o(i.HAL_Delay)
    i.HAL_FMC_MspInit                        0x0800069c   Section        0  fmc.o(i.HAL_FMC_MspInit)
    HAL_FMC_MspInit                          0x0800069d   Thumb Code   188  fmc.o(i.HAL_FMC_MspInit)
    i.HAL_GPIO_Init                          0x08000778   Section        0  stm32f4xx_hal_gpio.o(i.HAL_GPIO_Init)
    i.HAL_GPIO_WritePin                      0x080009ac   Section        0  stm32f4xx_hal_gpio.o(i.HAL_GPIO_WritePin)
    i.HAL_GetTick                            0x080009b8   Section        0  stm32f4xx_hal.o(i.HAL_GetTick)
    i.HAL_IncTick                            0x080009c4   Section        0  stm32f4xx_hal.o(i.HAL_IncTick)
    i.HAL_Init                               0x080009d4   Section        0  stm32f4xx_hal.o(i.HAL_Init)
    i.HAL_InitTick                           0x08000a08   Section        0  stm32f4xx_hal.o(i.HAL_InitTick)
    i.HAL_LTDC_ConfigLayer                   0x08000a48   Section        0  stm32f4xx_hal_ltdc.o(i.HAL_LTDC_ConfigLayer)
    i.HAL_LTDC_ErrorCallback                 0x08000a9a   Section        0  stm32f4xx_hal_ltdc.o(i.HAL_LTDC_ErrorCallback)
    i.HAL_LTDC_IRQHandler                    0x08000a9c   Section        0  stm32f4xx_hal_ltdc.o(i.HAL_LTDC_IRQHandler)
    i.HAL_LTDC_Init                          0x08000b68   Section        0  stm32f4xx_hal_ltdc.o(i.HAL_LTDC_Init)
    i.HAL_LTDC_LineEventCallback             0x08000c5c   Section        0  stm32f4xx_hal_ltdc.o(i.HAL_LTDC_LineEventCallback)
    i.HAL_LTDC_MspInit                       0x08000c60   Section        0  ltdc.o(i.HAL_LTDC_MspInit)
    i.HAL_LTDC_ReloadEventCallback           0x08000e6c   Section        0  stm32f4xx_hal_ltdc.o(i.HAL_LTDC_ReloadEventCallback)
    i.HAL_MspInit                            0x08000e70   Section        0  stm32f4xx_hal_msp.o(i.HAL_MspInit)
    i.HAL_NVIC_EnableIRQ                     0x08000ec0   Section        0  stm32f4xx_hal_cortex.o(i.HAL_NVIC_EnableIRQ)
    i.HAL_NVIC_SetPriority                   0x08000edc   Section        0  stm32f4xx_hal_cortex.o(i.HAL_NVIC_SetPriority)
    i.HAL_NVIC_SetPriorityGrouping           0x08000f1c   Section        0  stm32f4xx_hal_cortex.o(i.HAL_NVIC_SetPriorityGrouping)
    i.HAL_PWREx_EnableOverDrive              0x08000f40   Section        0  stm32f4xx_hal_pwr_ex.o(i.HAL_PWREx_EnableOverDrive)
    i.HAL_RCCEx_PeriphCLKConfig              0x08000fb0   Section        0  stm32f4xx_hal_rcc_ex.o(i.HAL_RCCEx_PeriphCLKConfig)
    i.HAL_RCC_ClockConfig                    0x08001204   Section        0  stm32f4xx_hal_rcc.o(i.HAL_RCC_ClockConfig)
    i.HAL_RCC_GetSysClockFreq                0x08001338   Section        0  stm32f4xx_hal_rcc.o(i.HAL_RCC_GetSysClockFreq)
    i.HAL_RCC_OscConfig                      0x0800139c   Section        0  stm32f4xx_hal_rcc.o(i.HAL_RCC_OscConfig)
    i.HAL_SDRAM_Init                         0x08001708   Section        0  stm32f4xx_hal_sdram.o(i.HAL_SDRAM_Init)
    i.HAL_SDRAM_MspInit                      0x0800174a   Section        0  fmc.o(i.HAL_SDRAM_MspInit)
    i.HAL_SDRAM_ProgramRefreshRate           0x0800174e   Section        0  stm32f4xx_hal_sdram.o(i.HAL_SDRAM_ProgramRefreshRate)
    i.HAL_SDRAM_SendCommand                  0x0800177c   Section        0  stm32f4xx_hal_sdram.o(i.HAL_SDRAM_SendCommand)
    i.HAL_SYSTICK_Config                     0x080017b8   Section        0  stm32f4xx_hal_cortex.o(i.HAL_SYSTICK_Config)
    i.HardFault_Handler                      0x080017e0   Section        0  stm32f4xx_it.o(i.HardFault_Handler)
    i.LTDC_IRQHandler                        0x080017e4   Section        0  stm32f4xx_it.o(i.LTDC_IRQHandler)
    i.LTDC_SetConfig                         0x080017f0   Section        0  stm32f4xx_hal_ltdc.o(i.LTDC_SetConfig)
    LTDC_SetConfig                           0x080017f1   Thumb Code   354  stm32f4xx_hal_ltdc.o(i.LTDC_SetConfig)
    i.MX_CRC_Init                            0x08001954   Section        0  crc.o(i.MX_CRC_Init)
    i.MX_DMA2D_Init                          0x08001978   Section        0  dma2d.o(i.MX_DMA2D_Init)
    i.MX_FMC_Init                            0x080019a8   Section        0  fmc.o(i.MX_FMC_Init)
    i.MX_GPIO_Init                           0x08001a14   Section        0  gpio.o(i.MX_GPIO_Init)
    i.MX_LTDC_Init                           0x08001ae4   Section        0  ltdc.o(i.MX_LTDC_Init)
    i.MemManage_Handler                      0x08001bec   Section        0  stm32f4xx_it.o(i.MemManage_Handler)
    i.NMI_Handler                            0x08001bee   Section        0  stm32f4xx_it.o(i.NMI_Handler)
    i.PendSV_Handler                         0x08001bf0   Section        0  stm32f4xx_it.o(i.PendSV_Handler)
    i.RCC_IRQHandler                         0x08001bf2   Section        0  stm32f4xx_it.o(i.RCC_IRQHandler)
    i.SDRAM_InitSequence                     0x08001bf4   Section        0  fmc.o(i.SDRAM_InitSequence)
    SDRAM_InitSequence                       0x08001bf5   Thumb Code   132  fmc.o(i.SDRAM_InitSequence)
    i.SDRAM_Reset                            0x08001c7c   Section        0  fmc.o(i.SDRAM_Reset)
    i.SVC_Handler                            0x08001c92   Section        0  stm32f4xx_it.o(i.SVC_Handler)
    i.SysTick_Handler                        0x08001c94   Section        0  stm32f4xx_it.o(i.SysTick_Handler)
    i.SystemClock_Config                     0x08001c98   Section        0  main.o(i.SystemClock_Config)
    i.SystemInit                             0x08001d34   Section        0  system_stm32f4xx.o(i.SystemInit)
    i.UsageFault_Handler                     0x08001d44   Section        0  stm32f4xx_it.o(i.UsageFault_Handler)
    i.__NVIC_SetPriority                     0x08001d46   Section        0  stm32f4xx_hal_cortex.o(i.__NVIC_SetPriority)
    __NVIC_SetPriority                       0x08001d47   Thumb Code    32  stm32f4xx_hal_cortex.o(i.__NVIC_SetPriority)
    i.__scatterload_copy                     0x08001d66   Section       14  handlers.o(i.__scatterload_copy)
    i.__scatterload_null                     0x08001d74   Section        2  handlers.o(i.__scatterload_null)
    i.__scatterload_zeroinit                 0x08001d76   Section       14  handlers.o(i.__scatterload_zeroinit)
    i.main                                   0x08001d84   Section        0  main.o(i.main)
    .constdata                               0x08001da2   Section       16  system_stm32f4xx.o(.constdata)
    .ARM.__AT_0x0D000000                     0x0d000000   Section    768000  ltdc.o(.ARM.__AT_0x0D000000)
    .ARM.__AT_0x0D0BB800                     0x0d0bb800   Section    768000  ltdc.o(.ARM.__AT_0x0D0BB800)
    .data                                    0x10000000   Section        8  crc.o(.data)
    .data                                    0x10000008   Section        8  fmc.o(.data)
    FMC_Initialized                          0x10000008   Data           4  fmc.o(.data)
    FMC_DeInitialized                        0x1000000c   Data           4  fmc.o(.data)
    .data                                    0x10000010   Section       12  stm32f4xx_hal.o(.data)
    .data                                    0x1000001c   Section        4  system_stm32f4xx.o(.data)
    .bss                                     0x10000020   Section       64  dma2d.o(.bss)
    .bss                                     0x10000060   Section       52  fmc.o(.bss)
    .bss                                     0x10000094   Section      168  ltdc.o(.bss)
    STACK                                    0x20000000   Section    196608  startup_stm32f429xx.o(STACK)

    Global Symbols

    Symbol Name                              Value     Ov Type        Size  Object(Section)

    BuildAttributes$$THM_ISAv4$E$P$D$K$B$S$7EM$VFPi3$EXTD16$VFPS$VFMA$PE$A:L22UL41UL21$X:L11$S22US41US21$IEEE1$IW$USESV6$~STKCKD$USESV7$~SHL$OSPACE$EBA8$MICROLIB$REQ8$PRES8$EABIv2 0x00000000   Number         0  anon$$obj.o ABSOLUTE
    __ARM_use_no_argv                        0x00000000   Number         0  main.o ABSOLUTE
    __arm_fini_                               - Undefined Weak Reference
    __cpp_initialize__aeabi_                  - Undefined Weak Reference
    __cxa_finalize                            - Undefined Weak Reference
    __decompress                              - Undefined Weak Reference
    _clock_init                               - Undefined Weak Reference
    _microlib_exit                            - Undefined Weak Reference
    __Vectors_Size                           0x000001ac   Number         0  startup_stm32f429xx.o ABSOLUTE
    __Vectors                                0x08000000   Data           4  startup_stm32f429xx.o(RESET)
    __Vectors_End                            0x080001ac   Data           0  startup_stm32f429xx.o(RESET)
    __main                                   0x080001ad   Thumb Code     0  entry.o(.ARM.Collect$$$$00000000)
    _main_stk                                0x080001ad   Thumb Code     0  entry2.o(.ARM.Collect$$$$00000001)
    _main_scatterload                        0x080001b1   Thumb Code     0  entry5.o(.ARM.Collect$$$$00000004)
    __main_after_scatterload                 0x080001b5   Thumb Code     0  entry5.o(.ARM.Collect$$$$00000004)
    _main_clock                              0x080001b5   Thumb Code     0  entry7b.o(.ARM.Collect$$$$00000008)
    _main_cpp_init                           0x080001b5   Thumb Code     0  entry8b.o(.ARM.Collect$$$$0000000A)
    _main_init                               0x080001b5   Thumb Code     0  entry9a.o(.ARM.Collect$$$$0000000B)
    __rt_lib_shutdown_fini                   0x080001bd   Thumb Code     0  entry12b.o(.ARM.Collect$$$$0000000E)
    __rt_final_cpp                           0x080001c1   Thumb Code     0  entry10a.o(.ARM.Collect$$$$0000000F)
    __rt_final_exit                          0x080001c1   Thumb Code     0  entry11a.o(.ARM.Collect$$$$00000011)
    Reset_Handler                            0x080001c5   Thumb Code     8  startup_stm32f429xx.o(.text)
    ADC_IRQHandler                           0x080001df   Thumb Code     0  startup_stm32f429xx.o(.text)
    CAN1_RX0_IRQHandler                      0x080001df   Thumb Code     0  startup_stm32f429xx.o(.text)
    CAN1_RX1_IRQHandler                      0x080001df   Thumb Code     0  startup_stm32f429xx.o(.text)
    CAN1_SCE_IRQHandler                      0x080001df   Thumb Code     0  startup_stm32f429xx.o(.text)
    CAN1_TX_IRQHandler                       0x080001df   Thumb Code     0  startup_stm32f429xx.o(.text)
    CAN2_RX0_IRQHandler                      0x080001df   Thumb Code     0  startup_stm32f429xx.o(.text)
    CAN2_RX1_IRQHandler                      0x080001df   Thumb Code     0  startup_stm32f429xx.o(.text)
    CAN2_SCE_IRQHandler                      0x080001df   Thumb Code     0  startup_stm32f429xx.o(.text)
    CAN2_TX_IRQHandler                       0x080001df   Thumb Code     0  startup_stm32f429xx.o(.text)
    DCMI_IRQHandler                          0x080001df   Thumb Code     0  startup_stm32f429xx.o(.text)
    DMA1_Stream0_IRQHandler                  0x080001df   Thumb Code     0  startup_stm32f429xx.o(.text)
    DMA1_Stream1_IRQHandler                  0x080001df   Thumb Code     0  startup_stm32f429xx.o(.text)
    DMA1_Stream2_IRQHandler                  0x080001df   Thumb Code     0  startup_stm32f429xx.o(.text)
    DMA1_Stream3_IRQHandler                  0x080001df   Thumb Code     0  startup_stm32f429xx.o(.text)
    DMA1_Stream4_IRQHandler                  0x080001df   Thumb Code     0  startup_stm32f429xx.o(.text)
    DMA1_Stream5_IRQHandler                  0x080001df   Thumb Code     0  startup_stm32f429xx.o(.text)
    DMA1_Stream6_IRQHandler                  0x080001df   Thumb Code     0  startup_stm32f429xx.o(.text)
    DMA1_Stream7_IRQHandler                  0x080001df   Thumb Code     0  startup_stm32f429xx.o(.text)
    DMA2_Stream0_IRQHandler                  0x080001df   Thumb Code     0  startup_stm32f429xx.o(.text)
    DMA2_Stream1_IRQHandler                  0x080001df   Thumb Code     0  startup_stm32f429xx.o(.text)
    DMA2_Stream2_IRQHandler                  0x080001df   Thumb Code     0  startup_stm32f429xx.o(.text)
    DMA2_Stream3_IRQHandler                  0x080001df   Thumb Code     0  startup_stm32f429xx.o(.text)
    DMA2_Stream4_IRQHandler                  0x080001df   Thumb Code     0  startup_stm32f429xx.o(.text)
    DMA2_Stream5_IRQHandler                  0x080001df   Thumb Code     0  startup_stm32f429xx.o(.text)
    DMA2_Stream6_IRQHandler                  0x080001df   Thumb Code     0  startup_stm32f429xx.o(.text)
    DMA2_Stream7_IRQHandler                  0x080001df   Thumb Code     0  startup_stm32f429xx.o(.text)
    ETH_IRQHandler                           0x080001df   Thumb Code     0  startup_stm32f429xx.o(.text)
    ETH_WKUP_IRQHandler                      0x080001df   Thumb Code     0  startup_stm32f429xx.o(.text)
    EXTI0_IRQHandler                         0x080001df   Thumb Code     0  startup_stm32f429xx.o(.text)
    EXTI15_10_IRQHandler                     0x080001df   Thumb Code     0  startup_stm32f429xx.o(.text)
    EXTI1_IRQHandler                         0x080001df   Thumb Code     0  startup_stm32f429xx.o(.text)
    EXTI2_IRQHandler                         0x080001df   Thumb Code     0  startup_stm32f429xx.o(.text)
    EXTI3_IRQHandler                         0x080001df   Thumb Code     0  startup_stm32f429xx.o(.text)
    EXTI4_IRQHandler                         0x080001df   Thumb Code     0  startup_stm32f429xx.o(.text)
    EXTI9_5_IRQHandler                       0x080001df   Thumb Code     0  startup_stm32f429xx.o(.text)
    FLASH_IRQHandler                         0x080001df   Thumb Code     0  startup_stm32f429xx.o(.text)
    FMC_IRQHandler                           0x080001df   Thumb Code     0  startup_stm32f429xx.o(.text)
    FPU_IRQHandler                           0x080001df   Thumb Code     0  startup_stm32f429xx.o(.text)
    HASH_RNG_IRQHandler                      0x080001df   Thumb Code     0  startup_stm32f429xx.o(.text)
    I2C1_ER_IRQHandler                       0x080001df   Thumb Code     0  startup_stm32f429xx.o(.text)
    I2C1_EV_IRQHandler                       0x080001df   Thumb Code     0  startup_stm32f429xx.o(.text)
    I2C2_ER_IRQHandler                       0x080001df   Thumb Code     0  startup_stm32f429xx.o(.text)
    I2C2_EV_IRQHandler                       0x080001df   Thumb Code     0  startup_stm32f429xx.o(.text)
    I2C3_ER_IRQHandler                       0x080001df   Thumb Code     0  startup_stm32f429xx.o(.text)
    I2C3_EV_IRQHandler                       0x080001df   Thumb Code     0  startup_stm32f429xx.o(.text)
    LTDC_ER_IRQHandler                       0x080001df   Thumb Code     0  startup_stm32f429xx.o(.text)
    OTG_FS_IRQHandler                        0x080001df   Thumb Code     0  startup_stm32f429xx.o(.text)
    OTG_FS_WKUP_IRQHandler                   0x080001df   Thumb Code     0  startup_stm32f429xx.o(.text)
    OTG_HS_EP1_IN_IRQHandler                 0x080001df   Thumb Code     0  startup_stm32f429xx.o(.text)
    OTG_HS_EP1_OUT_IRQHandler                0x080001df   Thumb Code     0  startup_stm32f429xx.o(.text)
    OTG_HS_IRQHandler                        0x080001df   Thumb Code     0  startup_stm32f429xx.o(.text)
    OTG_HS_WKUP_IRQHandler                   0x080001df   Thumb Code     0  startup_stm32f429xx.o(.text)
    PVD_IRQHandler                           0x080001df   Thumb Code     0  startup_stm32f429xx.o(.text)
    RTC_Alarm_IRQHandler                     0x080001df   Thumb Code     0  startup_stm32f429xx.o(.text)
    RTC_WKUP_IRQHandler                      0x080001df   Thumb Code     0  startup_stm32f429xx.o(.text)
    SAI1_IRQHandler                          0x080001df   Thumb Code     0  startup_stm32f429xx.o(.text)
    SDIO_IRQHandler                          0x080001df   Thumb Code     0  startup_stm32f429xx.o(.text)
    SPI1_IRQHandler                          0x080001df   Thumb Code     0  startup_stm32f429xx.o(.text)
    SPI2_IRQHandler                          0x080001df   Thumb Code     0  startup_stm32f429xx.o(.text)
    SPI3_IRQHandler                          0x080001df   Thumb Code     0  startup_stm32f429xx.o(.text)
    SPI4_IRQHandler                          0x080001df   Thumb Code     0  startup_stm32f429xx.o(.text)
    SPI5_IRQHandler                          0x080001df   Thumb Code     0  startup_stm32f429xx.o(.text)
    SPI6_IRQHandler                          0x080001df   Thumb Code     0  startup_stm32f429xx.o(.text)
    TAMP_STAMP_IRQHandler                    0x080001df   Thumb Code     0  startup_stm32f429xx.o(.text)
    TIM1_BRK_TIM9_IRQHandler                 0x080001df   Thumb Code     0  startup_stm32f429xx.o(.text)
    TIM1_CC_IRQHandler                       0x080001df   Thumb Code     0  startup_stm32f429xx.o(.text)
    TIM1_TRG_COM_TIM11_IRQHandler            0x080001df   Thumb Code     0  startup_stm32f429xx.o(.text)
    TIM1_UP_TIM10_IRQHandler                 0x080001df   Thumb Code     0  startup_stm32f429xx.o(.text)
    TIM2_IRQHandler                          0x080001df   Thumb Code     0  startup_stm32f429xx.o(.text)
    TIM3_IRQHandler                          0x080001df   Thumb Code     0  startup_stm32f429xx.o(.text)
    TIM4_IRQHandler                          0x080001df   Thumb Code     0  startup_stm32f429xx.o(.text)
    TIM5_IRQHandler                          0x080001df   Thumb Code     0  startup_stm32f429xx.o(.text)
    TIM6_DAC_IRQHandler                      0x080001df   Thumb Code     0  startup_stm32f429xx.o(.text)
    TIM7_IRQHandler                          0x080001df   Thumb Code     0  startup_stm32f429xx.o(.text)
    TIM8_BRK_TIM12_IRQHandler                0x080001df   Thumb Code     0  startup_stm32f429xx.o(.text)
    TIM8_CC_IRQHandler                       0x080001df   Thumb Code     0  startup_stm32f429xx.o(.text)
    TIM8_TRG_COM_TIM14_IRQHandler            0x080001df   Thumb Code     0  startup_stm32f429xx.o(.text)
    TIM8_UP_TIM13_IRQHandler                 0x080001df   Thumb Code     0  startup_stm32f429xx.o(.text)
    UART4_IRQHandler                         0x080001df   Thumb Code     0  startup_stm32f429xx.o(.text)
    UART5_IRQHandler                         0x080001df   Thumb Code     0  startup_stm32f429xx.o(.text)
    UART7_IRQHandler                         0x080001df   Thumb Code     0  startup_stm32f429xx.o(.text)
    UART8_IRQHandler                         0x080001df   Thumb Code     0  startup_stm32f429xx.o(.text)
    USART1_IRQHandler                        0x080001df   Thumb Code     0  startup_stm32f429xx.o(.text)
    USART2_IRQHandler                        0x080001df   Thumb Code     0  startup_stm32f429xx.o(.text)
    USART3_IRQHandler                        0x080001df   Thumb Code     0  startup_stm32f429xx.o(.text)
    USART6_IRQHandler                        0x080001df   Thumb Code     0  startup_stm32f429xx.o(.text)
    WWDG_IRQHandler                          0x080001df   Thumb Code     0  startup_stm32f429xx.o(.text)
    __aeabi_uldivmod                         0x080001e9   Thumb Code    98  uldiv.o(.text)
    __aeabi_memcpy                           0x0800024b   Thumb Code    36  memcpya.o(.text)
    __aeabi_memcpy4                          0x0800024b   Thumb Code     0  memcpya.o(.text)
    __aeabi_memcpy8                          0x0800024b   Thumb Code     0  memcpya.o(.text)
    __aeabi_memset                           0x0800026f   Thumb Code    14  memseta.o(.text)
    __aeabi_memset4                          0x0800026f   Thumb Code     0  memseta.o(.text)
    __aeabi_memset8                          0x0800026f   Thumb Code     0  memseta.o(.text)
    __aeabi_memclr                           0x0800027d   Thumb Code     4  memseta.o(.text)
    __aeabi_memclr4                          0x0800027d   Thumb Code     0  memseta.o(.text)
    __aeabi_memclr8                          0x0800027d   Thumb Code     0  memseta.o(.text)
    _memset$wrapper                          0x08000281   Thumb Code    18  memseta.o(.text)
    __aeabi_llsl                             0x08000293   Thumb Code    30  llshl.o(.text)
    _ll_shift_l                              0x08000293   Thumb Code     0  llshl.o(.text)
    __aeabi_llsr                             0x080002b1   Thumb Code    32  llushr.o(.text)
    _ll_ushift_r                             0x080002b1   Thumb Code     0  llushr.o(.text)
    __scatterload                            0x080002d1   Thumb Code    28  init.o(.text)
    __scatterload_rt2                        0x080002d1   Thumb Code     0  init.o(.text)
    BusFault_Handler                         0x080002f5   Thumb Code     2  stm32f4xx_it.o(i.BusFault_Handler)
    DMA2D_IRQHandler                         0x080002f9   Thumb Code     6  stm32f4xx_it.o(i.DMA2D_IRQHandler)
    DebugMon_Handler                         0x08000305   Thumb Code     2  stm32f4xx_it.o(i.DebugMon_Handler)
    Error_Handler                            0x08000307   Thumb Code     4  main.o(i.Error_Handler)
    FMC_SDRAM_Init                           0x0800030b   Thumb Code   102  stm32f4xx_ll_fmc.o(i.FMC_SDRAM_Init)
    FMC_SDRAM_ProgramRefreshRate             0x08000371   Thumb Code    18  stm32f4xx_ll_fmc.o(i.FMC_SDRAM_ProgramRefreshRate)
    FMC_SDRAM_SendCommand                    0x08000383   Thumb Code    78  stm32f4xx_ll_fmc.o(i.FMC_SDRAM_SendCommand)
    FMC_SDRAM_Timing_Init                    0x080003d1   Thumb Code   154  stm32f4xx_ll_fmc.o(i.FMC_SDRAM_Timing_Init)
    HAL_CRC_Init                             0x08000475   Thumb Code    34  stm32f4xx_hal_crc.o(i.HAL_CRC_Init)
    HAL_CRC_MspInit                          0x08000499   Thumb Code    30  crc.o(i.HAL_CRC_MspInit)
    HAL_DMA2D_CLUTLoadingCpltCallback        0x080004c1   Thumb Code     2  stm32f4xx_hal_dma2d.o(i.HAL_DMA2D_CLUTLoadingCpltCallback)
    HAL_DMA2D_IRQHandler                     0x080004c3   Thumb Code   286  stm32f4xx_hal_dma2d.o(i.HAL_DMA2D_IRQHandler)
    HAL_DMA2D_Init                           0x080005e1   Thumb Code    90  stm32f4xx_hal_dma2d.o(i.HAL_DMA2D_Init)
    HAL_DMA2D_LineEventCallback              0x0800063b   Thumb Code     2  stm32f4xx_hal_dma2d.o(i.HAL_DMA2D_LineEventCallback)
    HAL_DMA2D_MspInit                        0x0800063d   Thumb Code    50  dma2d.o(i.HAL_DMA2D_MspInit)
    HAL_Delay                                0x08000679   Thumb Code    32  stm32f4xx_hal.o(i.HAL_Delay)
    HAL_GPIO_Init                            0x08000779   Thumb Code   510  stm32f4xx_hal_gpio.o(i.HAL_GPIO_Init)
    HAL_GPIO_WritePin                        0x080009ad   Thumb Code    10  stm32f4xx_hal_gpio.o(i.HAL_GPIO_WritePin)
    HAL_GetTick                              0x080009b9   Thumb Code     6  stm32f4xx_hal.o(i.HAL_GetTick)
    HAL_IncTick                              0x080009c5   Thumb Code    12  stm32f4xx_hal.o(i.HAL_IncTick)
    HAL_Init                                 0x080009d5   Thumb Code    48  stm32f4xx_hal.o(i.HAL_Init)
    HAL_InitTick                             0x08000a09   Thumb Code    54  stm32f4xx_hal.o(i.HAL_InitTick)
    HAL_LTDC_ConfigLayer                     0x08000a49   Thumb Code    82  stm32f4xx_hal_ltdc.o(i.HAL_LTDC_ConfigLayer)
    HAL_LTDC_ErrorCallback                   0x08000a9b   Thumb Code     2  stm32f4xx_hal_ltdc.o(i.HAL_LTDC_ErrorCallback)
    HAL_LTDC_IRQHandler                      0x08000a9d   Thumb Code   202  stm32f4xx_hal_ltdc.o(i.HAL_LTDC_IRQHandler)
    HAL_LTDC_Init                            0x08000b69   Thumb Code   238  stm32f4xx_hal_ltdc.o(i.HAL_LTDC_Init)
    HAL_LTDC_LineEventCallback               0x08000c5d   Thumb Code     2  stm32f4xx_hal_ltdc.o(i.HAL_LTDC_LineEventCallback)
    HAL_LTDC_MspInit                         0x08000c61   Thumb Code   478  ltdc.o(i.HAL_LTDC_MspInit)
    HAL_LTDC_ReloadEventCallback             0x08000e6d   Thumb Code     2  stm32f4xx_hal_ltdc.o(i.HAL_LTDC_ReloadEventCallback)
    HAL_MspInit                              0x08000e71   Thumb Code    76  stm32f4xx_hal_msp.o(i.HAL_MspInit)
    HAL_NVIC_EnableIRQ                       0x08000ec1   Thumb Code    26  stm32f4xx_hal_cortex.o(i.HAL_NVIC_EnableIRQ)
    HAL_NVIC_SetPriority                     0x08000edd   Thumb Code    60  stm32f4xx_hal_cortex.o(i.HAL_NVIC_SetPriority)
    HAL_NVIC_SetPriorityGrouping             0x08000f1d   Thumb Code    26  stm32f4xx_hal_cortex.o(i.HAL_NVIC_SetPriorityGrouping)
    HAL_PWREx_EnableOverDrive                0x08000f41   Thumb Code    98  stm32f4xx_hal_pwr_ex.o(i.HAL_PWREx_EnableOverDrive)
    HAL_RCCEx_PeriphCLKConfig                0x08000fb1   Thumb Code   560  stm32f4xx_hal_rcc_ex.o(i.HAL_RCCEx_PeriphCLKConfig)
    HAL_RCC_ClockConfig                      0x08001205   Thumb Code   288  stm32f4xx_hal_rcc.o(i.HAL_RCC_ClockConfig)
    HAL_RCC_GetSysClockFreq                  0x08001339   Thumb Code    88  stm32f4xx_hal_rcc.o(i.HAL_RCC_GetSysClockFreq)
    HAL_RCC_OscConfig                        0x0800139d   Thumb Code   856  stm32f4xx_hal_rcc.o(i.HAL_RCC_OscConfig)
    HAL_SDRAM_Init                           0x08001709   Thumb Code    66  stm32f4xx_hal_sdram.o(i.HAL_SDRAM_Init)
    HAL_SDRAM_MspInit                        0x0800174b   Thumb Code     4  fmc.o(i.HAL_SDRAM_MspInit)
    HAL_SDRAM_ProgramRefreshRate             0x0800174f   Thumb Code    46  stm32f4xx_hal_sdram.o(i.HAL_SDRAM_ProgramRefreshRate)
    HAL_SDRAM_SendCommand                    0x0800177d   Thumb Code    60  stm32f4xx_hal_sdram.o(i.HAL_SDRAM_SendCommand)
    HAL_SYSTICK_Config                       0x080017b9   Thumb Code    40  stm32f4xx_hal_cortex.o(i.HAL_SYSTICK_Config)
    HardFault_Handler                        0x080017e1   Thumb Code     2  stm32f4xx_it.o(i.HardFault_Handler)
    LTDC_IRQHandler                          0x080017e5   Thumb Code     6  stm32f4xx_it.o(i.LTDC_IRQHandler)
    MX_CRC_Init                              0x08001955   Thumb Code    28  crc.o(i.MX_CRC_Init)
    MX_DMA2D_Init                            0x08001979   Thumb Code    40  dma2d.o(i.MX_DMA2D_Init)
    MX_FMC_Init                              0x080019a9   Thumb Code   100  fmc.o(i.MX_FMC_Init)
    MX_GPIO_Init                             0x08001a15   Thumb Code   198  gpio.o(i.MX_GPIO_Init)
    MX_LTDC_Init                             0x08001ae5   Thumb Code   246  ltdc.o(i.MX_LTDC_Init)
    MemManage_Handler                        0x08001bed   Thumb Code     2  stm32f4xx_it.o(i.MemManage_Handler)
    NMI_Handler                              0x08001bef   Thumb Code     2  stm32f4xx_it.o(i.NMI_Handler)
    PendSV_Handler                           0x08001bf1   Thumb Code     2  stm32f4xx_it.o(i.PendSV_Handler)
    RCC_IRQHandler                           0x08001bf3   Thumb Code     2  stm32f4xx_it.o(i.RCC_IRQHandler)
    SDRAM_Reset                              0x08001c7d   Thumb Code    22  fmc.o(i.SDRAM_Reset)
    SVC_Handler                              0x08001c93   Thumb Code     2  stm32f4xx_it.o(i.SVC_Handler)
    SysTick_Handler                          0x08001c95   Thumb Code     4  stm32f4xx_it.o(i.SysTick_Handler)
    SystemClock_Config                       0x08001c99   Thumb Code   148  main.o(i.SystemClock_Config)
    SystemInit                               0x08001d35   Thumb Code    12  system_stm32f4xx.o(i.SystemInit)
    UsageFault_Handler                       0x08001d45   Thumb Code     2  stm32f4xx_it.o(i.UsageFault_Handler)
    __scatterload_copy                       0x08001d67   Thumb Code    14  handlers.o(i.__scatterload_copy)
    __scatterload_null                       0x08001d75   Thumb Code     2  handlers.o(i.__scatterload_null)
    __scatterload_zeroinit                   0x08001d77   Thumb Code    14  handlers.o(i.__scatterload_zeroinit)
    main                                     0x08001d85   Thumb Code    30  main.o(i.main)
    AHBPrescTable                            0x08001da2   Data          16  system_stm32f4xx.o(.constdata)
    Region$$Table$$Base                      0x08001db4   Number         0  anon$$obj.o(Region$$Table)
    Region$$Table$$Limit                     0x08001de4   Number         0  anon$$obj.o(Region$$Table)
    ltdc_layer0                              0x0d000000   Data       768000  ltdc.o(.ARM.__AT_0x0D000000)
    ltdc_layer1                              0x0d0bb800   Data       768000  ltdc.o(.ARM.__AT_0x0D0BB800)
    hcrc                                     0x10000000   Data           8  crc.o(.data)
    uwTickFreq                               0x10000010   Data           1  stm32f4xx_hal.o(.data)
    uwTickPrio                               0x10000014   Data           4  stm32f4xx_hal.o(.data)
    uwTick                                   0x10000018   Data           4  stm32f4xx_hal.o(.data)
    SystemCoreClock                          0x1000001c   Data           4  system_stm32f4xx.o(.data)
    hdma2d                                   0x10000020   Data          64  dma2d.o(.bss)
    hsdram2                                  0x10000060   Data          52  fmc.o(.bss)
    hltdc                                    0x10000094   Data         168  ltdc.o(.bss)
    __initial_sp                             0x20030000   Data           0  startup_stm32f429xx.o(STACK)



==============================================================================

Memory Map of the image

  Image Entry point : 0x080001ad

  Load Region LR_IROM1 (Base: 0x08000000, Size: 0x00001e04, Max: 0x00100000, ABSOLUTE)

    Execution Region ER_IROM1 (Exec base: 0x08000000, Load base: 0x08000000, Size: 0x00001de4, Max: 0x00100000, ABSOLUTE)

    Exec Addr    Load Addr    Size         Type   Attr      Idx    E Section Name        Object

    0x08000000   0x08000000   0x000001ac   Data   RO            3    RESET               startup_stm32f429xx.o
    0x080001ac   0x080001ac   0x00000000   Code   RO         2753  * .ARM.Collect$$$$00000000  mc_w.l(entry.o)
    0x080001ac   0x080001ac   0x00000004   Code   RO         2764    .ARM.Collect$$$$00000001  mc_w.l(entry2.o)
    0x080001b0   0x080001b0   0x00000004   Code   RO         2767    .ARM.Collect$$$$00000004  mc_w.l(entry5.o)
    0x080001b4   0x080001b4   0x00000000   Code   RO         2769    .ARM.Collect$$$$00000008  mc_w.l(entry7b.o)
    0x080001b4   0x080001b4   0x00000000   Code   RO         2771    .ARM.Collect$$$$0000000A  mc_w.l(entry8b.o)
    0x080001b4   0x080001b4   0x00000008   Code   RO         2772    .ARM.Collect$$$$0000000B  mc_w.l(entry9a.o)
    0x080001bc   0x080001bc   0x00000004   Code   RO         2779    .ARM.Collect$$$$0000000E  mc_w.l(entry12b.o)
    0x080001c0   0x080001c0   0x00000000   Code   RO         2774    .ARM.Collect$$$$0000000F  mc_w.l(entry10a.o)
    0x080001c0   0x080001c0   0x00000000   Code   RO         2776    .ARM.Collect$$$$00000011  mc_w.l(entry11a.o)
    0x080001c0   0x080001c0   0x00000004   Code   RO         2765    .ARM.Collect$$$$00002712  mc_w.l(entry2.o)
    0x080001c4   0x080001c4   0x00000024   Code   RO            4    .text               startup_stm32f429xx.o
    0x080001e8   0x080001e8   0x00000062   Code   RO         2756    .text               mc_w.l(uldiv.o)
    0x0800024a   0x0800024a   0x00000024   Code   RO         2758    .text               mc_w.l(memcpya.o)
    0x0800026e   0x0800026e   0x00000024   Code   RO         2760    .text               mc_w.l(memseta.o)
    0x08000292   0x08000292   0x0000001e   Code   RO         2780    .text               mc_w.l(llshl.o)
    0x080002b0   0x080002b0   0x00000020   Code   RO         2782    .text               mc_w.l(llushr.o)
    0x080002d0   0x080002d0   0x00000024   Code   RO         2784    .text               mc_w.l(init.o)
    0x080002f4   0x080002f4   0x00000002   Code   RO          437    i.BusFault_Handler  stm32f4xx_it.o
    0x080002f6   0x080002f6   0x00000002   PAD
    0x080002f8   0x080002f8   0x0000000c   Code   RO          438    i.DMA2D_IRQHandler  stm32f4xx_it.o
    0x08000304   0x08000304   0x00000002   Code   RO          439    i.DebugMon_Handler  stm32f4xx_it.o
    0x08000306   0x08000306   0x00000004   Code   RO          156    i.Error_Handler     main.o
    0x0800030a   0x0800030a   0x00000066   Code   RO         2058    i.FMC_SDRAM_Init    stm32f4xx_ll_fmc.o
    0x08000370   0x08000370   0x00000012   Code   RO         2059    i.FMC_SDRAM_ProgramRefreshRate  stm32f4xx_ll_fmc.o
    0x08000382   0x08000382   0x0000004e   Code   RO         2060    i.FMC_SDRAM_SendCommand  stm32f4xx_ll_fmc.o
    0x080003d0   0x080003d0   0x000000a4   Code   RO         2062    i.FMC_SDRAM_Timing_Init  stm32f4xx_ll_fmc.o
    0x08000474   0x08000474   0x00000022   Code   RO          559    i.HAL_CRC_Init      stm32f4xx_hal_crc.o
    0x08000496   0x08000496   0x00000002   PAD
    0x08000498   0x08000498   0x00000028   Code   RO          238    i.HAL_CRC_MspInit   crc.o
    0x080004c0   0x080004c0   0x00000002   Code   RO         1835    i.HAL_DMA2D_CLUTLoadingCpltCallback  stm32f4xx_hal_dma2d.o
    0x080004c2   0x080004c2   0x0000011e   Code   RO         1850    i.HAL_DMA2D_IRQHandler  stm32f4xx_hal_dma2d.o
    0x080005e0   0x080005e0   0x0000005a   Code   RO         1851    i.HAL_DMA2D_Init    stm32f4xx_hal_dma2d.o
    0x0800063a   0x0800063a   0x00000002   Code   RO         1852    i.HAL_DMA2D_LineEventCallback  stm32f4xx_hal_dma2d.o
    0x0800063c   0x0800063c   0x0000003c   Code   RO          280    i.HAL_DMA2D_MspInit  dma2d.o
    0x08000678   0x08000678   0x00000024   Code   RO         1566    i.HAL_Delay         stm32f4xx_hal.o
    0x0800069c   0x0800069c   0x000000dc   Code   RO          322    i.HAL_FMC_MspInit   fmc.o
    0x08000778   0x08000778   0x00000234   Code   RO         1022    i.HAL_GPIO_Init     stm32f4xx_hal_gpio.o
    0x080009ac   0x080009ac   0x0000000a   Code   RO         1026    i.HAL_GPIO_WritePin  stm32f4xx_hal_gpio.o
    0x080009b6   0x080009b6   0x00000002   PAD
    0x080009b8   0x080009b8   0x0000000c   Code   RO         1574    i.HAL_GetTick       stm32f4xx_hal.o
    0x080009c4   0x080009c4   0x00000010   Code   RO         1580    i.HAL_IncTick       stm32f4xx_hal.o
    0x080009d4   0x080009d4   0x00000034   Code   RO         1581    i.HAL_Init          stm32f4xx_hal.o
    0x08000a08   0x08000a08   0x00000040   Code   RO         1582    i.HAL_InitTick      stm32f4xx_hal.o
    0x08000a48   0x08000a48   0x00000052   Code   RO         2392    i.HAL_LTDC_ConfigLayer  stm32f4xx_hal_ltdc.o
    0x08000a9a   0x08000a9a   0x00000002   Code   RO         2405    i.HAL_LTDC_ErrorCallback  stm32f4xx_hal_ltdc.o
    0x08000a9c   0x08000a9c   0x000000ca   Code   RO         2408    i.HAL_LTDC_IRQHandler  stm32f4xx_hal_ltdc.o
    0x08000b66   0x08000b66   0x00000002   PAD
    0x08000b68   0x08000b68   0x000000f4   Code   RO         2409    i.HAL_LTDC_Init     stm32f4xx_hal_ltdc.o
    0x08000c5c   0x08000c5c   0x00000002   Code   RO         2410    i.HAL_LTDC_LineEventCallback  stm32f4xx_hal_ltdc.o
    0x08000c5e   0x08000c5e   0x00000002   PAD
    0x08000c60   0x08000c60   0x0000020c   Code   RO          382    i.HAL_LTDC_MspInit  ltdc.o
    0x08000e6c   0x08000e6c   0x00000002   Code   RO         2415    i.HAL_LTDC_ReloadEventCallback  stm32f4xx_hal_ltdc.o
    0x08000e6e   0x08000e6e   0x00000002   PAD
    0x08000e70   0x08000e70   0x00000050   Code   RO          531    i.HAL_MspInit       stm32f4xx_hal_msp.o
    0x08000ec0   0x08000ec0   0x0000001a   Code   RO         1429    i.HAL_NVIC_EnableIRQ  stm32f4xx_hal_cortex.o
    0x08000eda   0x08000eda   0x00000002   PAD
    0x08000edc   0x08000edc   0x00000040   Code   RO         1435    i.HAL_NVIC_SetPriority  stm32f4xx_hal_cortex.o
    0x08000f1c   0x08000f1c   0x00000024   Code   RO         1436    i.HAL_NVIC_SetPriorityGrouping  stm32f4xx_hal_cortex.o
    0x08000f40   0x08000f40   0x00000070   Code   RO         1358    i.HAL_PWREx_EnableOverDrive  stm32f4xx_hal_pwr_ex.o
    0x08000fb0   0x08000fb0   0x00000254   Code   RO          723    i.HAL_RCCEx_PeriphCLKConfig  stm32f4xx_hal_rcc_ex.o
    0x08001204   0x08001204   0x00000134   Code   RO          616    i.HAL_RCC_ClockConfig  stm32f4xx_hal_rcc.o
    0x08001338   0x08001338   0x00000064   Code   RO          625    i.HAL_RCC_GetSysClockFreq  stm32f4xx_hal_rcc.o
    0x0800139c   0x0800139c   0x0000036c   Code   RO          628    i.HAL_RCC_OscConfig  stm32f4xx_hal_rcc.o
    0x08001708   0x08001708   0x00000042   Code   RO         2224    i.HAL_SDRAM_Init    stm32f4xx_hal_sdram.o
    0x0800174a   0x0800174a   0x00000004   Code   RO          324    i.HAL_SDRAM_MspInit  fmc.o
    0x0800174e   0x0800174e   0x0000002e   Code   RO         2227    i.HAL_SDRAM_ProgramRefreshRate  stm32f4xx_hal_sdram.o
    0x0800177c   0x0800177c   0x0000003c   Code   RO         2233    i.HAL_SDRAM_SendCommand  stm32f4xx_hal_sdram.o
    0x080017b8   0x080017b8   0x00000028   Code   RO         1440    i.HAL_SYSTICK_Config  stm32f4xx_hal_cortex.o
    0x080017e0   0x080017e0   0x00000002   Code   RO          440    i.HardFault_Handler  stm32f4xx_it.o
    0x080017e2   0x080017e2   0x00000002   PAD
    0x080017e4   0x080017e4   0x0000000c   Code   RO          441    i.LTDC_IRQHandler   stm32f4xx_it.o
    0x080017f0   0x080017f0   0x00000162   Code   RO         2428    i.LTDC_SetConfig    stm32f4xx_hal_ltdc.o
    0x08001952   0x08001952   0x00000002   PAD
    0x08001954   0x08001954   0x00000024   Code   RO          239    i.MX_CRC_Init       crc.o
    0x08001978   0x08001978   0x00000030   Code   RO          281    i.MX_DMA2D_Init     dma2d.o
    0x080019a8   0x080019a8   0x0000006c   Code   RO          325    i.MX_FMC_Init       fmc.o
    0x08001a14   0x08001a14   0x000000d0   Code   RO          213    i.MX_GPIO_Init      gpio.o
    0x08001ae4   0x08001ae4   0x00000108   Code   RO          385    i.MX_LTDC_Init      ltdc.o
    0x08001bec   0x08001bec   0x00000002   Code   RO          442    i.MemManage_Handler  stm32f4xx_it.o
    0x08001bee   0x08001bee   0x00000002   Code   RO          443    i.NMI_Handler       stm32f4xx_it.o
    0x08001bf0   0x08001bf0   0x00000002   Code   RO          444    i.PendSV_Handler    stm32f4xx_it.o
    0x08001bf2   0x08001bf2   0x00000002   Code   RO          445    i.RCC_IRQHandler    stm32f4xx_it.o
    0x08001bf4   0x08001bf4   0x00000088   Code   RO          326    i.SDRAM_InitSequence  fmc.o
    0x08001c7c   0x08001c7c   0x00000016   Code   RO          327    i.SDRAM_Reset       fmc.o
    0x08001c92   0x08001c92   0x00000002   Code   RO          446    i.SVC_Handler       stm32f4xx_it.o
    0x08001c94   0x08001c94   0x00000004   Code   RO          447    i.SysTick_Handler   stm32f4xx_it.o
    0x08001c98   0x08001c98   0x0000009c   Code   RO          157    i.SystemClock_Config  main.o
    0x08001d34   0x08001d34   0x00000010   Code   RO         2719    i.SystemInit        system_stm32f4xx.o
    0x08001d44   0x08001d44   0x00000002   Code   RO          448    i.UsageFault_Handler  stm32f4xx_it.o
    0x08001d46   0x08001d46   0x00000020   Code   RO         1442    i.__NVIC_SetPriority  stm32f4xx_hal_cortex.o
    0x08001d66   0x08001d66   0x0000000e   Code   RO         2788    i.__scatterload_copy  mc_w.l(handlers.o)
    0x08001d74   0x08001d74   0x00000002   Code   RO         2789    i.__scatterload_null  mc_w.l(handlers.o)
    0x08001d76   0x08001d76   0x0000000e   Code   RO         2790    i.__scatterload_zeroinit  mc_w.l(handlers.o)
    0x08001d84   0x08001d84   0x0000001e   Code   RO          158    i.main              main.o
    0x08001da2   0x08001da2   0x00000010   Data   RO         2720    .constdata          system_stm32f4xx.o
    0x08001db2   0x08001db2   0x00000002   PAD
    0x08001db4   0x08001db4   0x00000030   Data   RO         2786    Region$$Table       anon$$obj.o


    Execution Region RW_IRAM2 (Exec base: 0x10000000, Load base: 0x08001de4, Size: 0x0000013c, Max: 0x00010000, ABSOLUTE)

    Exec Addr    Load Addr    Size         Type   Attr      Idx    E Section Name        Object

    0x10000000   0x08001de4   0x00000008   Data   RW          240    .data               crc.o
    0x10000008   0x08001dec   0x00000008   Data   RW          329    .data               fmc.o
    0x10000010   0x08001df4   0x0000000c   Data   RW         1588    .data               stm32f4xx_hal.o
    0x1000001c   0x08001e00   0x00000004   Data   RW         2722    .data               system_stm32f4xx.o
    0x10000020        -       0x00000040   Zero   RW          283    .bss                dma2d.o
    0x10000060        -       0x00000034   Zero   RW          328    .bss                fmc.o
    0x10000094        -       0x000000a8   Zero   RW          388    .bss                ltdc.o


    Execution Region RW_IRAM1 (Exec base: 0x20000000, Load base: 0x08001de4, Size: 0x00030000, Max: 0x00030000, ABSOLUTE)

    Exec Addr    Load Addr    Size         Type   Attr      Idx    E Section Name        Object

    0x20000000        -       0x00030000   Zero   RW            1    STACK               startup_stm32f429xx.o



  Load Region LR$$.ARM.__AT_0x0D000000 (Base: 0x0d000000, Size: 0x00000000, Max: 0x000bb800, ABSOLUTE)

    Execution Region ER$$.ARM.__AT_0x0D000000 (Exec base: 0x0d000000, Load base: 0x0d000000, Size: 0x000bb800, Max: 0x000bb800, ABSOLUTE, UNINIT)

    Exec Addr    Load Addr    Size         Type   Attr      Idx    E Section Name        Object

    0x0d000000        -       0x000bb800   Zero   RW          386    .ARM.__AT_0x0D000000  ltdc.o



  Load Region LR$$.ARM.__AT_0x0D0BB800 (Base: 0x0d0bb800, Size: 0x00000000, Max: 0x000bb800, ABSOLUTE)

    Execution Region ER$$.ARM.__AT_0x0D0BB800 (Exec base: 0x0d0bb800, Load base: 0x0d0bb800, Size: 0x000bb800, Max: 0x000bb800, ABSOLUTE, UNINIT)

    Exec Addr    Load Addr    Size         Type   Attr      Idx    E Section Name        Object

    0x0d0bb800        -       0x000bb800   Zero   RW          387    .ARM.__AT_0x0D0BB800  ltdc.o


==============================================================================

Image component sizes


      Code (inc. data)   RO Data    RW Data    ZI Data      Debug   Object Name

        76         18          0          8          0       1483   crc.o
       108         18          0          0         64       1619   dma2d.o
       490         44          0          8         52       3270   fmc.o
       208         10          0          0          0       1115   gpio.o
       788         64          0          0    1536168       2590   ltdc.o
       190          8          0          0          0       2072   main.o
        36          8        428          0     196608        824   startup_stm32f429xx.o
       180         28          0         12          0       9473   stm32f4xx_hal.o
       198         14          0          0          0      33891   stm32f4xx_hal_cortex.o
        34          0          0          0          0       1027   stm32f4xx_hal_crc.o
       380          0          0          0          0       3234   stm32f4xx_hal_dma2d.o
       574         54          0          0          0       2172   stm32f4xx_hal_gpio.o
       888          6          0          0          0       5394   stm32f4xx_hal_ltdc.o
        80          4          0          0          0        866   stm32f4xx_hal_msp.o
       112         14          0          0          0       1264   stm32f4xx_hal_pwr_ex.o
      1284         52          0          0          0       4002   stm32f4xx_hal_rcc.o
       596         36          0          0          0       1588   stm32f4xx_hal_rcc_ex.o
       172          0          0          0          0       2800   stm32f4xx_hal_sdram.o
        46         12          0          0          0       5428   stm32f4xx_it.o
       362         10          0          0          0       4840   stm32f4xx_ll_fmc.o
        16          4         16          4          0       1091   system_stm32f4xx.o
         0          0          0          0          0     740060   test.o

    ----------------------------------------------------------------------
      6836        404        494         32    1732892     830103   Object Totals
         0          0         48          0          0          0   (incl. Generated)
        18          0          2          0          0          0   (incl. Padding)

    ----------------------------------------------------------------------

      Code (inc. data)   RO Data    RW Data    ZI Data      Debug   Library Member Name

         0          0          0          0          0          0   entry.o
         0          0          0          0          0          0   entry10a.o
         0          0          0          0          0          0   entry11a.o
         4          0          0          0          0          0   entry12b.o
         8          4          0          0          0          0   entry2.o
         4          0          0          0          0          0   entry5.o
         0          0          0          0          0          0   entry7b.o
         0          0          0          0          0          0   entry8b.o
         8          4          0          0          0          0   entry9a.o
        30          0          0          0          0          0   handlers.o
        36          8          0          0          0         68   init.o
        30          0          0          0          0         68   llshl.o
        32          0          0          0          0         68   llushr.o
        36          0          0          0          0         68   memcpya.o
        36          0          0          0          0        108   memseta.o
        98          0          0          0          0         92   uldiv.o

    ----------------------------------------------------------------------
       322         16          0          0          0        472   Library Totals
         0          0          0          0          0          0   (incl. Padding)

    ----------------------------------------------------------------------

      Code (inc. data)   RO Data    RW Data    ZI Data      Debug   Library Name

       322         16          0          0          0        472   mc_w.l

    ----------------------------------------------------------------------
       322         16          0          0          0        472   Library Totals

    ----------------------------------------------------------------------

==============================================================================


      Code (inc. data)   RO Data    RW Data    ZI Data      Debug   

      7158        420        494         32    1732892     824823   Grand Totals
      7158        420        494         32    1732892     824823   ELF Image Totals
      7158        420        494         32          0          0   ROM Totals

==============================================================================

    Total RO  Size (Code + RO Data)                 7652 (   7.47kB)
    Total RW  Size (RW Data + ZI Data)           1732924 (1692.31kB)
    Total ROM Size (Code + RO Data + RW Data)       7684 (   7.50kB)

==============================================================================

